6669  <... futex resumed>)              = 0
6663  <... futex resumed>)              = 1
6660  futex(0x5e9560, FUTEX_WAIT_PRIVATE, 0, NULL <unfinished ...>
6670  <... futex resumed>)              = 0
6663  futex(0x4000052948, FUTEX_WAKE_PRIVATE, 1 <unfinished ...>
6669  futex(0x40001b3948, FUTEX_WAIT_PRIVATE, 0, NULL <unfinished ...>
6670  futex(0x4000053948, FUTEX_WAIT_PRIVATE, 0, NULL <unfinished ...>
6663  <... futex resumed>)              = 1
6662  <... futex resumed>)              = 0
6663  futex(0x4000053148, FUTEX_WAIT_PRIVATE, 0, NULL <unfinished ...>
6662  futex(0x4000053148, FUTEX_WAKE_PRIVATE, 1 <unfinished ...>
6663  <... futex resumed>)              = -1 EAGAIN (Resource temporarily unavailable)
6662  <... futex resumed>)              = 0
6663  nanosleep({tv_sec=0, tv_nsec=3000},  <unfinished ...>
6662  rt_sigprocmask(SIG_SETMASK, [KILL STOP RT_5 RT_6 RT_7 RT_8 RT_9 RT_10 RT_11 RT_12 RT_13 RT_14 RT_15 RT_16 RT_17 RT_18 RT_19 RT_20 RT_21 RT_22 RT_23 RT_24 RT_25 RT_26 RT_27 RT_28 RT_29 RT_30 RT_31 RT_32],  <unfinished ...>
6663  <... nanosleep resumed>NULL)      = 0
6662  <... rt_sigprocmask resumed>NULL, 8) = 0
6663  futex(0x4000053948, FUTEX_WAKE_PRIVATE, 1 <unfinished ...>
6670  <... futex resumed>)              = 0
6663  <... futex resumed>)              = 1
6662  futex(0x4000052948, FUTEX_WAIT_PRIVATE, 0, NULL <unfinished ...>
6670  futex(0x4000053948, FUTEX_WAIT_PRIVATE, 0, NULL <unfinished ...>
6663  futex(0x5e9560, FUTEX_WAKE_PRIVATE, 1) = 1
6663  futex(0x4000053148, FUTEX_WAIT_PRIVATE, 0, NULL <unfinished ...>
6660  <... futex resumed>)              = 0
6660  futex(0x4000053148, FUTEX_WAKE_PRIVATE, 1) = 1
6660  futex(0x4000053948, FUTEX_WAKE_PRIVATE, 1 <unfinished ...>
6663  <... futex resumed>)              = 0
6660  <... futex resumed>)              = 1
6660  futex(0x5e9560, FUTEX_WAIT_PRIVATE, 0, NULL <unfinished ...>
6670  <... futex resumed>)              = 0
6663  futex(0x40001b3948, FUTEX_WAKE_PRIVATE, 1) = 1
6670  futex(0x4000053948, FUTEX_WAIT_PRIVATE, 0, NULL <unfinished ...>
6669  <... futex resumed>)              = 0
6663  futex(0x4000052948, FUTEX_WAKE_PRIVATE, 1 <unfinished ...>
6669  futex(0x40001b3948, FUTEX_WAIT_PRIVATE, 0, NULL <unfinished ...>
6663  <... futex resumed>)              = 1
6662  <... futex resumed>)              = 0
6663  futex(0x4000053148, FUTEX_WAIT_PRIVATE, 0, NULL <unfinished ...>
6662  futex(0x40001b3948, FUTEX_WAKE_PRIVATE, 1 <unfinished ...>
6669  <... futex resumed>)              = 0
6662  <... futex resumed>)              = 1
6669  nanosleep({tv_sec=0, tv_nsec=3000},  <unfinished ...>
6662  rt_sigprocmask(SIG_SETMASK, [KILL STOP RT_6 RT_7 RT_8 RT_9 RT_10 RT_11 RT_12 RT_13 RT_14 RT_15 RT_16 RT_17 RT_18 RT_19 RT_20 RT_21 RT_22 RT_23 RT_24 RT_25 RT_26 RT_27 RT_28 RT_29 RT_30 RT_31 RT_32],  <unfinished ...>
6669  <... nanosleep resumed>NULL)      = 0
6662  <... rt_sigprocmask resumed>NULL, 8) = 0
6669  futex(0x4000053148, FUTEX_WAKE_PRIVATE, 1 <unfinished ...>
6662  futex(0x4000052948, FUTEX_WAIT_PRIVATE, 0, NULL <unfinished ...>
6661  <... nanosleep resumed>NULL)      = 0
6669  <... futex resumed>)              = 1
6661  epoll_pwait(4,  <unfinished ...>
6663  <... futex resumed>)              = 0
6669  futex(0x5e9560, FUTEX_WAKE_PRIVATE, 1 <unfinished ...>
6663  futex(0x4000053148, FUTEX_WAIT_PRIVATE, 0, NULL <unfinished ...>
6661  <... epoll_pwait resumed>[], 128, 0, NULL, 0) = 0
6660  <... futex resumed>)              = 0
6669  <... futex resumed>)              = 1
6661  nanosleep({tv_sec=0, tv_nsec=10000000},  <unfinished ...>
6660  futex(0x4000053148, FUTEX_WAKE_PRIVATE, 1 <unfinished ...>
6669  futex(0x40001b3948, FUTEX_WAIT_PRIVATE, 0, NULL <unfinished ...>
6660  <... futex resumed>)              = 1
6663  <... futex resumed>)              = 0
6660  futex(0x40001b3948, FUTEX_WAKE_PRIVATE, 1 <unfinished ...>
6663  futex(0x4000053948, FUTEX_WAKE_PRIVATE, 1 <unfinished ...>
6660  <... futex resumed>)              = 1
6670  <... futex resumed>)              = 0
6669  <... futex resumed>)              = 0
6663  <... futex resumed>)              = 1
6660  futex(0x5e9560, FUTEX_WAIT_PRIVATE, 0, NULL <unfinished ...>
6670  futex(0x4000053948, FUTEX_WAIT_PRIVATE, 0, NULL <unfinished ...>
6669  futex(0x40001b3948, FUTEX_WAIT_PRIVATE, 0, NULL <unfinished ...>
6663  futex(0x4000052948, FUTEX_WAKE_PRIVATE, 1) = 1
6662  <... futex resumed>)              = 0
6663  futex(0x4000053148, FUTEX_WAIT_PRIVATE, 0, NULL <unfinished ...>
6662  futex(0x4000053148, FUTEX_WAKE_PRIVATE, 1 <unfinished ...>
6663  <... futex resumed>)              = -1 EAGAIN (Resource temporarily unavailable)
6662  <... futex resumed>)              = 0
6663  nanosleep({tv_sec=0, tv_nsec=3000},  <unfinished ...>
6662  rt_sigprocmask(SIG_SETMASK, [KILL STOP RT_7 RT_8 RT_9 RT_10 RT_11 RT_12 RT_13 RT_14 RT_15 RT_16 RT_17 RT_18 RT_19 RT_20 RT_21 RT_22 RT_23 RT_24 RT_25 RT_26 RT_27 RT_28 RT_29 RT_30 RT_31 RT_32],  <unfinished ...>
6663  <... nanosleep resumed>NULL)      = 0
6662  <... rt_sigprocmask resumed>NULL, 8) = 0
6663  futex(0x40001b3948, FUTEX_WAKE_PRIVATE, 1 <unfinished ...>
6662  futex(0x4000052948, FUTEX_WAIT_PRIVATE, 0, NULL <unfinished ...>
6669  <... futex resumed>)              = 0
6663  <... futex resumed>)              = 1
6669  futex(0x40001b3948, FUTEX_WAIT_PRIVATE, 0, NULL <unfinished ...>
6663  futex(0x5e9560, FUTEX_WAKE_PRIVATE, 1 <unfinished ...>
6660  <... futex resumed>)              = 0
6663  <... futex resumed>)              = 1
6660  futex(0x40001b3948, FUTEX_WAKE_PRIVATE, 1 <unfinished ...>
6663  futex(0x4000053148, FUTEX_WAIT_PRIVATE, 0, NULL <unfinished ...>
6660  <... futex resumed>)              = 1
6669  <... futex resumed>)              = 0
6660  futex(0x4000053148, FUTEX_WAKE_PRIVATE, 1 <unfinished ...>
6669  futex(0x4000053948, FUTEX_WAKE_PRIVATE, 1 <unfinished ...>
6660  <... futex resumed>)              = 1
6670  <... futex resumed>)              = 0
6669  <... futex resumed>)              = 1
6663  <... futex resumed>)              = 0
6660  futex(0x5e9560, FUTEX_WAIT_PRIVATE, 0, NULL <unfinished ...>
6663  futex(0x4000053148, FUTEX_WAIT_PRIVATE, 0, NULL <unfinished ...>
6670  futex(0x4000053948, FUTEX_WAIT_PRIVATE, 0, NULL <unfinished ...>
6669  futex(0x4000052948, FUTEX_WAKE_PRIVATE, 1) = 1
6662  <... futex resumed>)              = 0
6669  futex(0x40001b3948, FUTEX_WAIT_PRIVATE, 0, NULL) = -1 EAGAIN (Resource temporarily unavailable)
6662  futex(0x40001b3948, FUTEX_WAKE_PRIVATE, 1 <unfinished ...>
6661  <... nanosleep resumed>NULL)      = 0
6669  nanosleep({tv_sec=0, tv_nsec=3000},  <unfinished ...>
6662  <... futex resumed>)              = 0
6661  epoll_pwait(4,  <unfinished ...>
6669  <... nanosleep resumed>NULL)      = 0
6662  rt_sigprocmask(SIG_SETMASK, [KILL STOP RT_8 RT_9 RT_10 RT_11 RT_12 RT_13 RT_14 RT_15 RT_16 RT_17 RT_18 RT_19 RT_20 RT_21 RT_22 RT_23 RT_24 RT_25 RT_26 RT_27 RT_28 RT_29 RT_30 RT_31 RT_32],  <unfinished ...>
6661  <... epoll_pwait resumed>[], 128, 0, NULL, 0) = 0
6669  futex(0x4000053948, FUTEX_WAKE_PRIVATE, 1 <unfinished ...>
6662  <... rt_sigprocmask resumed>NULL, 8) = 0
6661  nanosleep({tv_sec=0, tv_nsec=10000000},  <unfinished ...>
6670  <... futex resumed>)              = 0
6669  <... futex resumed>)              = 1
6662  futex(0x4000052948, FUTEX_WAIT_PRIVATE, 0, NULL <unfinished ...>
6670  futex(0x4000053948, FUTEX_WAIT_PRIVATE, 0, NULL <unfinished ...>
6669  futex(0x5e9560, FUTEX_WAKE_PRIVATE, 1 <unfinished ...>
6660  <... futex resumed>)              = 0
6669  <... futex resumed>)              = 1
6660  futex(0x40001b3948, FUTEX_WAKE_PRIVATE, 1 <unfinished ...>
6669  futex(0x40001b3948, FUTEX_WAIT_PRIVATE, 0, NULL <unfinished ...>
6660  <... futex resumed>)              = 0
6669  <... futex resumed>)              = -1 EAGAIN (Resource temporarily unavailable)
6660  futex(0x4000053948, FUTEX_WAKE_PRIVATE, 1 <unfinished ...>
6669  nanosleep({tv_sec=0, tv_nsec=3000},  <unfinished ...>
6660  <... futex resumed>)              = 1
6660  futex(0x5e9560, FUTEX_WAIT_PRIVATE, 0, NULL <unfinished ...>
6670  <... futex resumed>)              = 0
6669  <... nanosleep resumed>NULL)      = 0
6670  futex(0x4000052948, FUTEX_WAKE_PRIVATE, 1 <unfinished ...>
6669  futex(0x40001b3948, FUTEX_WAIT_PRIVATE, 0, NULL <unfinished ...>
6670  <... futex resumed>)              = 1
6662  <... futex resumed>)              = 0
6670  futex(0x4000053948, FUTEX_WAIT_PRIVATE, 0, NULL <unfinished ...>
6662  futex(0x40001b3948, FUTEX_WAKE_PRIVATE, 1 <unfinished ...>
6669  <... futex resumed>)              = 0
6662  <... futex resumed>)              = 1
6669  nanosleep({tv_sec=0, tv_nsec=3000},  <unfinished ...>
6662  rt_sigprocmask(SIG_SETMASK, [KILL STOP RT_9 RT_10 RT_11 RT_12 RT_13 RT_14 RT_15 RT_16 RT_17 RT_18 RT_19 RT_20 RT_21 RT_22 RT_23 RT_24 RT_25 RT_26 RT_27 RT_28 RT_29 RT_30 RT_31 RT_32], NULL, 8) = 0
6669  <... nanosleep resumed>NULL)      = 0
6662  futex(0x4000053948, FUTEX_WAKE_PRIVATE, 1 <unfinished ...>
6669  futex(0x4000053148, FUTEX_WAKE_PRIVATE, 1 <unfinished ...>
6670  <... futex resumed>)              = 0
6669  <... futex resumed>)              = 1
6662  <... futex resumed>)              = 1
6663  <... futex resumed>)              = 0
6670  futex(0x4000053948, FUTEX_WAIT_PRIVATE, 0, NULL <unfinished ...>
6669  futex(0x5e9560, FUTEX_WAKE_PRIVATE, 1 <unfinished ...>
6663  futex(0x4000053148, FUTEX_WAIT_PRIVATE, 0, NULL <unfinished ...>
6662  futex(0x4000052948, FUTEX_WAIT_PRIVATE, 0, NULL <unfinished ...>
6669  <... futex resumed>)              = 1
6660  <... futex resumed>)              = 0
6669  futex(0x40001b3948, FUTEX_WAIT_PRIVATE, 0, NULL <unfinished ...>
6660  futex(0x40001b3948, FUTEX_WAKE_PRIVATE, 1) = 0
6669  <... futex resumed>)              = -1 EAGAIN (Resource temporarily unavailable)
6660  futex(0x4000053948, FUTEX_WAKE_PRIVATE, 1) = 1
6669  futex(0x4000053148, FUTEX_WAKE_PRIVATE, 1 <unfinished ...>
6670  <... futex resumed>)              = 0
6660  futex(0x5e9560, FUTEX_WAIT_PRIVATE, 0, NULL <unfinished ...>
6669  <... futex resumed>)              = 1
6663  <... futex resumed>)              = 0
6669  futex(0x4000052948, FUTEX_WAKE_PRIVATE, 1 <unfinished ...>
6663  futex(0x4000053148, FUTEX_WAIT_PRIVATE, 0, NULL <unfinished ...>
6669  <... futex resumed>)              = 1
6662  <... futex resumed>)              = 0
6670  futex(0x4000053948, FUTEX_WAIT_PRIVATE, 0, NULL <unfinished ...>
6669  futex(0x40001b3948, FUTEX_WAIT_PRIVATE, 0, NULL <unfinished ...>
6662  futex(0x4000053948, FUTEX_WAKE_PRIVATE, 1 <unfinished ...>
6670  <... futex resumed>)              = -1 EAGAIN (Resource temporarily unavailable)
6662  <... futex resumed>)              = 0
6670  nanosleep({tv_sec=0, tv_nsec=3000},  <unfinished ...>
6662  rt_sigprocmask(SIG_SETMASK, [KILL STOP RT_10 RT_11 RT_12 RT_13 RT_14 RT_15 RT_16 RT_17 RT_18 RT_19 RT_20 RT_21 RT_22 RT_23 RT_24 RT_25 RT_26 RT_27 RT_28 RT_29 RT_30 RT_31 RT_32],  <unfinished ...>
6670  <... nanosleep resumed>NULL)      = 0
6662  <... rt_sigprocmask resumed>NULL, 8) = 0
6661  <... nanosleep resumed>NULL)      = 0
6670  futex(0x40001b3948, FUTEX_WAKE_PRIVATE, 1 <unfinished ...>
6662  futex(0x4000052948, FUTEX_WAIT_PRIVATE, 0, NULL <unfinished ...>
6661  epoll_pwait(4,  <unfinished ...>
6670  <... futex resumed>)              = 1
6669  <... futex resumed>)              = 0
6661  <... epoll_pwait resumed>[], 128, 0, NULL, 0) = 0
6670  futex(0x5e9560, FUTEX_WAKE_PRIVATE, 1 <unfinished ...>
6669  futex(0x40001b3948, FUTEX_WAIT_PRIVATE, 0, NULL <unfinished ...>
6661  nanosleep({tv_sec=0, tv_nsec=10000000},  <unfinished ...>
6660  <... futex resumed>)              = 0
6670  <... futex resumed>)              = 1
6660  futex(0x40001b3948, FUTEX_WAKE_PRIVATE, 1 <unfinished ...>
6670  futex(0x4000053948, FUTEX_WAIT_PRIVATE, 0, NULL <unfinished ...>
6660  <... futex resumed>)              = 1
6660  futex(0x4000053948, FUTEX_WAKE_PRIVATE, 1 <unfinished ...>
6669  <... futex resumed>)              = 0
6660  <... futex resumed>)              = 1
6669  futex(0x4000053148, FUTEX_WAKE_PRIVATE, 1 <unfinished ...>
6670  <... futex resumed>)              = 0
6670  futex(0x4000053948, FUTEX_WAIT_PRIVATE, 0, NULL <unfinished ...>
6669  <... futex resumed>)              = 1
6663  <... futex resumed>)              = 0
6660  futex(0x5e9560, FUTEX_WAIT_PRIVATE, 0, NULL <unfinished ...>
6669  futex(0x4000052948, FUTEX_WAKE_PRIVATE, 1 <unfinished ...>
6663  futex(0x4000053148, FUTEX_WAIT_PRIVATE, 0, NULL <unfinished ...>
6669  <... futex resumed>)              = 1
6662  <... futex resumed>)              = 0
6669  futex(0x40001b3948, FUTEX_WAIT_PRIVATE, 0, NULL <unfinished ...>
6662  futex(0x4000053148, FUTEX_WAKE_PRIVATE, 1 <unfinished ...>
6663  <... futex resumed>)              = 0
6662  <... futex resumed>)              = 1
6663  nanosleep({tv_sec=0, tv_nsec=3000},  <unfinished ...>
6662  rt_sigprocmask(SIG_SETMASK, [KILL STOP RT_11 RT_12 RT_13 RT_14 RT_15 RT_16 RT_17 RT_18 RT_19 RT_20 RT_21 RT_22 RT_23 RT_24 RT_25 RT_26 RT_27 RT_28 RT_29 RT_30 RT_31 RT_32],  <unfinished ...>
6663  <... nanosleep resumed>NULL)      = 0
6662  <... rt_sigprocmask resumed>NULL, 8) = 0
6663  futex(0x4000053948, FUTEX_WAKE_PRIVATE, 1 <unfinished ...>
6662  futex(0x40001b3948, FUTEX_WAKE_PRIVATE, 1 <unfinished ...>
6670  <... futex resumed>)              = 0
6669  <... futex resumed>)              = 0
6663  <... futex resumed>)              = 1
6662  <... futex resumed>)              = 1
6670  futex(0x4000053948, FUTEX_WAIT_PRIVATE, 0, NULL <unfinished ...>
6669  futex(0x40001b3948, FUTEX_WAIT_PRIVATE, 0, NULL <unfinished ...>
6663  futex(0x5e9560, FUTEX_WAKE_PRIVATE, 1 <unfinished ...>
6662  futex(0x4000052948, FUTEX_WAIT_PRIVATE, 0, NULL <unfinished ...>
6660  <... futex resumed>)              = 0
6663  <... futex resumed>)              = 1
6660  futex(0x4000053148, FUTEX_WAKE_PRIVATE, 1 <unfinished ...>
6663  futex(0x4000053148, FUTEX_WAIT_PRIVATE, 0, NULL <unfinished ...>
6660  <... futex resumed>)              = 0
6663  <... futex resumed>)              = -1 EAGAIN (Resource temporarily unavailable)
6660  futex(0x40001b3948, FUTEX_WAKE_PRIVATE, 1 <unfinished ...>
6663  futex(0x4000053948, FUTEX_WAKE_PRIVATE, 1 <unfinished ...>
6660  <... futex resumed>)              = 1
6669  <... futex resumed>)              = 0
6663  <... futex resumed>)              = 1
6670  <... futex resumed>)              = 0
6670  futex(0x4000053948, FUTEX_WAIT_PRIVATE, 0, NULL <unfinished ...>
6661  <... nanosleep resumed>NULL)      = 0
6669  futex(0x40001b3948, FUTEX_WAIT_PRIVATE, 0, NULL <unfinished ...>
6660  futex(0x5e9560, FUTEX_WAIT_PRIVATE, 0, NULL <unfinished ...>
6663  futex(0x4000052948, FUTEX_WAKE_PRIVATE, 1 <unfinished ...>
6661  epoll_pwait(4,  <unfinished ...>
6663  <... futex resumed>)              = 1
6662  <... futex resumed>)              = 0
6661  <... epoll_pwait resumed>[], 128, 0, NULL, 0) = 0
6663  futex(0x4000053148, FUTEX_WAIT_PRIVATE, 0, NULL <unfinished ...>
6662  futex(0x40001b3948, FUTEX_WAKE_PRIVATE, 1) = 1
6661  nanosleep({tv_sec=0, tv_nsec=10000000},  <unfinished ...>
6669  <... futex resumed>)              = 0
6669  nanosleep({tv_sec=0, tv_nsec=3000},  <unfinished ...>
6662  rt_sigprocmask(SIG_SETMASK, [KILL STOP RT_12 RT_13 RT_14 RT_15 RT_16 RT_17 RT_18 RT_19 RT_20 RT_21 RT_22 RT_23 RT_24 RT_25 RT_26 RT_27 RT_28 RT_29 RT_30 RT_31 RT_32],  <unfinished ...>
6669  <... nanosleep resumed>NULL)      = 0
6662  <... rt_sigprocmask resumed>NULL, 8) = 0
6669  futex(0x4000053148, FUTEX_WAKE_PRIVATE, 1 <unfinished ...>
6662  futex(0x4000052948, FUTEX_WAIT_PRIVATE, 0, NULL <unfinished ...>
6669  <... futex resumed>)              = 1
6663  <... futex resumed>)              = 0
6669  futex(0x5e9560, FUTEX_WAKE_PRIVATE, 1 <unfinished ...>
6663  futex(0x4000053148, FUTEX_WAIT_PRIVATE, 0, NULL <unfinished ...>
6660  <... futex resumed>)              = 0
6669  <... futex resumed>)              = 1
6660  futex(0x4000053148, FUTEX_WAKE_PRIVATE, 1 <unfinished ...>
6669  futex(0x40001b3948, FUTEX_WAIT_PRIVATE, 0, NULL <unfinished ...>
6660  <... futex resumed>)              = 1
6660  futex(0x40001b3948, FUTEX_WAKE_PRIVATE, 1 <unfinished ...>
6663  <... futex resumed>)              = 0
6660  <... futex resumed>)              = 0
6660  futex(0x5e9560, FUTEX_WAIT_PRIVATE, 0, NULL <unfinished ...>
6669  <... futex resumed>)              = -1 EAGAIN (Resource temporarily unavailable)
6663  futex(0x4000053948, FUTEX_WAKE_PRIVATE, 1 <unfinished ...>
6670  <... futex resumed>)              = 0
6669  futex(0x40001b3948, FUTEX_WAIT_PRIVATE, 0, NULL <unfinished ...>
6663  <... futex resumed>)              = 1
6670  futex(0x4000053948, FUTEX_WAIT_PRIVATE, 0, NULL <unfinished ...>
6663  futex(0x4000052948, FUTEX_WAKE_PRIVATE, 1) = 1
6662  <... futex resumed>)              = 0
6663  futex(0x4000053148, FUTEX_WAIT_PRIVATE, 0, NULL <unfinished ...>
6662  futex(0x4000053948, FUTEX_WAKE_PRIVATE, 1 <unfinished ...>
6670  <... futex resumed>)              = 0
6662  <... futex resumed>)              = 1
6662  rt_sigprocmask(SIG_SETMASK, [KILL STOP RT_13 RT_14 RT_15 RT_16 RT_17 RT_18 RT_19 RT_20 RT_21 RT_22 RT_23 RT_24 RT_25 RT_26 RT_27 RT_28 RT_29 RT_30 RT_31 RT_32],  <unfinished ...>
6670  nanosleep({tv_sec=0, tv_nsec=3000}, NULL) = 0
6662  <... rt_sigprocmask resumed>NULL, 8) = 0
6670  futex(0x4000053148, FUTEX_WAKE_PRIVATE, 1 <unfinished ...>
6662  futex(0x4000052948, FUTEX_WAIT_PRIVATE, 0, NULL <unfinished ...>
6670  <... futex resumed>)              = 1
6663  <... futex resumed>)              = 0
6661  <... nanosleep resumed>NULL)      = 0
6670  futex(0x5e9560, FUTEX_WAKE_PRIVATE, 1 <unfinished ...>
6661  epoll_pwait(4,  <unfinished ...>
6670  <... futex resumed>)              = 1
6663  futex(0x4000053148, FUTEX_WAIT_PRIVATE, 0, NULL <unfinished ...>
6661  <... epoll_pwait resumed>[], 128, 0, NULL, 0) = 0
6660  <... futex resumed>)              = 0
6670  futex(0x4000053948, FUTEX_WAIT_PRIVATE, 0, NULL <unfinished ...>
6661  nanosleep({tv_sec=0, tv_nsec=10000000},  <unfinished ...>
6660  futex(0x4000053948, FUTEX_WAKE_PRIVATE, 1 <unfinished ...>
6670  <... futex resumed>)              = -1 EAGAIN (Resource temporarily unavailable)
6660  <... futex resumed>)              = 0
6670  nanosleep({tv_sec=0, tv_nsec=3000},  <unfinished ...>
6660  futex(0x4000053148, FUTEX_WAKE_PRIVATE, 1) = 1
6670  <... nanosleep resumed>NULL)      = 0
6663  <... futex resumed>)              = 0
6670  futex(0x4000053948, FUTEX_WAIT_PRIVATE, 0, NULL <unfinished ...>
6663  futex(0x4000052948, FUTEX_WAKE_PRIVATE, 1 <unfinished ...>
6660  futex(0x5e9560, FUTEX_WAIT_PRIVATE, 0, NULL <unfinished ...>
6663  <... futex resumed>)              = 1
6662  <... futex resumed>)              = 0
6663  futex(0x4000053148, FUTEX_WAIT_PRIVATE, 0, NULL <unfinished ...>
6662  futex(0x4000053948, FUTEX_WAKE_PRIVATE, 1 <unfinished ...>
6670  <... futex resumed>)              = 0
6662  <... futex resumed>)              = 1
6670  nanosleep({tv_sec=0, tv_nsec=3000},  <unfinished ...>
6662  rt_sigprocmask(SIG_SETMASK, [KILL STOP RT_14 RT_15 RT_16 RT_17 RT_18 RT_19 RT_20 RT_21 RT_22 RT_23 RT_24 RT_25 RT_26 RT_27 RT_28 RT_29 RT_30 RT_31 RT_32],  <unfinished ...>
6670  <... nanosleep resumed>NULL)      = 0
6662  <... rt_sigprocmask resumed>NULL, 8) = 0
6670  futex(0x40001b3948, FUTEX_WAKE_PRIVATE, 1 <unfinished ...>
6662  futex(0x4000053148, FUTEX_WAKE_PRIVATE, 1 <unfinished ...>
6670  <... futex resumed>)              = 1
6669  <... futex resumed>)              = 0
6662  <... futex resumed>)              = 1
6663  <... futex resumed>)              = 0
6662  futex(0x4000052948, FUTEX_WAIT_PRIVATE, 0, NULL <unfinished ...>
6670  futex(0x5e9560, FUTEX_WAKE_PRIVATE, 1 <unfinished ...>
6669  futex(0x40001b3948, FUTEX_WAIT_PRIVATE, 0, NULL <unfinished ...>
6660  <... futex resumed>)              = 0
6670  <... futex resumed>)              = 1
6663  futex(0x4000053148, FUTEX_WAIT_PRIVATE, 0, NULL <unfinished ...>
6660  futex(0x4000053148, FUTEX_WAKE_PRIVATE, 1 <unfinished ...>
6670  futex(0x4000053948, FUTEX_WAIT_PRIVATE, 0, NULL <unfinished ...>
6660  <... futex resumed>)              = 0
6663  <... futex resumed>)              = -1 EAGAIN (Resource temporarily unavailable)
6660  futex(0x4000053948, FUTEX_WAKE_PRIVATE, 1 <unfinished ...>
6663  nanosleep({tv_sec=0, tv_nsec=3000},  <unfinished ...>
6660  <... futex resumed>)              = 1
6663  <... nanosleep resumed>NULL)      = 0
6670  <... futex resumed>)              = 0
6670  futex(0x4000052948, FUTEX_WAKE_PRIVATE, 1 <unfinished ...>
6663  futex(0x4000053148, FUTEX_WAIT_PRIVATE, 0, NULL <unfinished ...>
6660  futex(0x5e9560, FUTEX_WAIT_PRIVATE, 0, NULL <unfinished ...>
6670  <... futex resumed>)              = 1
6662  <... futex resumed>)              = 0
6670  futex(0x4000053948, FUTEX_WAIT_PRIVATE, 0, NULL <unfinished ...>
6662  futex(0x4000053948, FUTEX_WAKE_PRIVATE, 1 <unfinished ...>
6670  <... futex resumed>)              = -1 EAGAIN (Resource temporarily unavailable)
6662  <... futex resumed>)              = 0
6661  <... nanosleep resumed>NULL)      = 0
6670  nanosleep({tv_sec=0, tv_nsec=3000},  <unfinished ...>
6661  epoll_pwait(4,  <unfinished ...>
6662  rt_sigprocmask(SIG_SETMASK, [KILL STOP RT_15 RT_16 RT_17 RT_18 RT_19 RT_20 RT_21 RT_22 RT_23 RT_24 RT_25 RT_26 RT_27 RT_28 RT_29 RT_30 RT_31 RT_32],  <unfinished ...>
6661  <... epoll_pwait resumed>[], 128, 0, NULL, 0) = 0
6670  <... nanosleep resumed>NULL)      = 0
6670  futex(0x4000053148, FUTEX_WAKE_PRIVATE, 1 <unfinished ...>
6662  <... rt_sigprocmask resumed>NULL, 8) = 0
6661  nanosleep({tv_sec=0, tv_nsec=10000000},  <unfinished ...>
6670  <... futex resumed>)              = 1
6662  futex(0x4000052948, FUTEX_WAIT_PRIVATE, 0, NULL <unfinished ...>
6670  futex(0x5e9560, FUTEX_WAKE_PRIVATE, 1 <unfinished ...>
6663  <... futex resumed>)              = 0
6670  <... futex resumed>)              = 1
6660  <... futex resumed>)              = 0
6670  futex(0x4000053948, FUTEX_WAIT_PRIVATE, 0, NULL <unfinished ...>
6663  futex(0x4000053148, FUTEX_WAIT_PRIVATE, 0, NULL <unfinished ...>
6660  futex(0x4000053148, FUTEX_WAKE_PRIVATE, 1 <unfinished ...>
6663  <... futex resumed>)              = -1 EAGAIN (Resource temporarily unavailable)
6660  <... futex resumed>)              = 0
6660  futex(0x4000053948, FUTEX_WAKE_PRIVATE, 1 <unfinished ...>
6663  nanosleep({tv_sec=0, tv_nsec=3000},  <unfinished ...>
6660  <... futex resumed>)              = 1
6660  futex(0x5e9560, FUTEX_WAIT_PRIVATE, 0, NULL <unfinished ...>
6670  <... futex resumed>)              = 0
6663  <... nanosleep resumed>NULL)      = 0
6670  futex(0x4000052948, FUTEX_WAKE_PRIVATE, 1 <unfinished ...>
6663  futex(0x4000053148, FUTEX_WAIT_PRIVATE, 0, NULL <unfinished ...>
6670  <... futex resumed>)              = 1
6670  futex(0x4000053948, FUTEX_WAIT_PRIVATE, 0, NULL <unfinished ...>
6662  <... futex resumed>)              = 0
6670  <... futex resumed>)              = -1 EAGAIN (Resource temporarily unavailable)
6662  futex(0x4000053948, FUTEX_WAKE_PRIVATE, 1 <unfinished ...>
6670  nanosleep({tv_sec=0, tv_nsec=3000}, NULL) = 0
6662  <... futex resumed>)              = 0
6670  futex(0x4000053148, FUTEX_WAKE_PRIVATE, 1 <unfinished ...>
6662  rt_sigprocmask(SIG_SETMASK, [KILL STOP RT_16 RT_17 RT_18 RT_19 RT_20 RT_21 RT_22 RT_23 RT_24 RT_25 RT_26 RT_27 RT_28 RT_29 RT_30 RT_31 RT_32],  <unfinished ...>
6670  <... futex resumed>)              = 1
6662  <... rt_sigprocmask resumed>NULL, 8) = 0
6670  futex(0x5e9560, FUTEX_WAKE_PRIVATE, 1 <unfinished ...>
6663  <... futex resumed>)              = 0
6662  futex(0x4000052948, FUTEX_WAIT_PRIVATE, 0, NULL <unfinished ...>
6660  <... futex resumed>)              = 0
6670  <... futex resumed>)              = 1
6663  futex(0x4000053148, FUTEX_WAIT_PRIVATE, 0, NULL <unfinished ...>
6670  futex(0x4000053948, FUTEX_WAIT_PRIVATE, 0, NULL <unfinished ...>
6660  futex(0x4000053948, FUTEX_WAKE_PRIVATE, 1) = 0
6670  <... futex resumed>)              = -1 EAGAIN (Resource temporarily unavailable)
6660  futex(0x4000053148, FUTEX_WAKE_PRIVATE, 1 <unfinished ...>
6670  futex(0x40001b3948, FUTEX_WAKE_PRIVATE, 1 <unfinished ...>
6660  <... futex resumed>)              = 1
6670  <... futex resumed>)              = 1
6669  <... futex resumed>)              = 0
6663  <... futex resumed>)              = 0
6660  futex(0x5e9560, FUTEX_WAIT_PRIVATE, 0, NULL <unfinished ...>
6670  futex(0x4000052948, FUTEX_WAKE_PRIVATE, 1 <unfinished ...>
6669  futex(0x40001b3948, FUTEX_WAIT_PRIVATE, 0, NULL <unfinished ...>
6663  futex(0x4000053148, FUTEX_WAIT_PRIVATE, 0, NULL <unfinished ...>
6670  <... futex resumed>)              = 1
6662  <... futex resumed>)              = 0
6661  <... nanosleep resumed>NULL)      = 0
6670  futex(0x4000053948, FUTEX_WAIT_PRIVATE, 0, NULL <unfinished ...>
6661  epoll_pwait(4,  <unfinished ...>
6662  futex(0x4000053948, FUTEX_WAKE_PRIVATE, 1 <unfinished ...>
6670  <... futex resumed>)              = -1 EAGAIN (Resource temporarily unavailable)
6662  <... futex resumed>)              = 0
6661  <... epoll_pwait resumed>[], 128, 0, NULL, 0) = 0
6670  nanosleep({tv_sec=0, tv_nsec=3000},  <unfinished ...>
6662  rt_sigprocmask(SIG_SETMASK, [KILL STOP RT_17 RT_18 RT_19 RT_20 RT_21 RT_22 RT_23 RT_24 RT_25 RT_26 RT_27 RT_28 RT_29 RT_30 RT_31 RT_32],  <unfinished ...>
6661  nanosleep({tv_sec=0, tv_nsec=10000000},  <unfinished ...>
6670  <... nanosleep resumed>NULL)      = 0
6662  <... rt_sigprocmask resumed>NULL, 8) = 0
6670  futex(0x4000053148, FUTEX_WAKE_PRIVATE, 1 <unfinished ...>
6662  futex(0x4000052948, FUTEX_WAIT_PRIVATE, 0, NULL <unfinished ...>
6670  <... futex resumed>)              = 1
6663  <... futex resumed>)              = 0
6670  futex(0x5e9560, FUTEX_WAKE_PRIVATE, 1 <unfinished ...>
6663  futex(0x4000053148, FUTEX_WAIT_PRIVATE, 0, NULL <unfinished ...>
6670  <... futex resumed>)              = 1
6660  <... futex resumed>)              = 0
6670  futex(0x4000053948, FUTEX_WAIT_PRIVATE, 0, NULL <unfinished ...>
6660  futex(0x4000053948, FUTEX_WAKE_PRIVATE, 1 <unfinished ...>
6670  <... futex resumed>)              = -1 EAGAIN (Resource temporarily unavailable)
6660  <... futex resumed>)              = 0
6670  nanosleep({tv_sec=0, tv_nsec=3000},  <unfinished ...>
6660  futex(0x4000053148, FUTEX_WAKE_PRIVATE, 1) = 1
6670  <... nanosleep resumed>NULL)      = 0
6663  <... futex resumed>)              = 0
6660  futex(0x5e9560, FUTEX_WAIT_PRIVATE, 0, NULL <unfinished ...>
6670  futex(0x40001b3948, FUTEX_WAKE_PRIVATE, 1) = 1
6669  <... futex resumed>)              = 0
6663  futex(0x4000053148, FUTEX_WAIT_PRIVATE, 0, NULL <unfinished ...>
6670  futex(0x4000052948, FUTEX_WAKE_PRIVATE, 1 <unfinished ...>
6669  futex(0x40001b3948, FUTEX_WAIT_PRIVATE, 0, NULL <unfinished ...>
6670  <... futex resumed>)              = 1
6662  <... futex resumed>)              = 0
6670  futex(0x4000053948, FUTEX_WAIT_PRIVATE, 0, NULL <unfinished ...>
6662  futex(0x4000053948, FUTEX_WAKE_PRIVATE, 1 <unfinished ...>
6670  <... futex resumed>)              = 0
6662  <... futex resumed>)              = 1
6670  nanosleep({tv_sec=0, tv_nsec=3000},  <unfinished ...>
6662  rt_sigprocmask(SIG_SETMASK, [KILL STOP RT_18 RT_19 RT_20 RT_21 RT_22 RT_23 RT_24 RT_25 RT_26 RT_27 RT_28 RT_29 RT_30 RT_31 RT_32],  <unfinished ...>
6670  <... nanosleep resumed>NULL)      = 0
6662  <... rt_sigprocmask resumed>NULL, 8) = 0
6670  futex(0x40001b3948, FUTEX_WAKE_PRIVATE, 1 <unfinished ...>
6662  futex(0x4000052948, FUTEX_WAIT_PRIVATE, 0, NULL <unfinished ...>
6670  <... futex resumed>)              = 1
6669  <... futex resumed>)              = 0
6670  futex(0x5e9560, FUTEX_WAKE_PRIVATE, 1 <unfinished ...>
6669  futex(0x40001b3948, FUTEX_WAIT_PRIVATE, 0, NULL <unfinished ...>
6660  <... futex resumed>)              = 0
6670  <... futex resumed>)              = 1
6660  futex(0x4000053948, FUTEX_WAKE_PRIVATE, 1 <unfinished ...>
6670  futex(0x4000053948, FUTEX_WAIT_PRIVATE, 0, NULL <unfinished ...>
6661  <... nanosleep resumed>NULL)      = 0
6660  <... futex resumed>)              = 0
6660  futex(0x40001b3948, FUTEX_WAKE_PRIVATE, 1 <unfinished ...>
6670  <... futex resumed>)              = -1 EAGAIN (Resource temporarily unavailable)
6661  epoll_pwait(4,  <unfinished ...>
6660  <... futex resumed>)              = 1
6669  <... futex resumed>)              = 0
6661  <... epoll_pwait resumed>[], 128, 0, NULL, 0) = 0
6670  futex(0x4000053148, FUTEX_WAKE_PRIVATE, 1 <unfinished ...>
6660  futex(0x5e9560, FUTEX_WAIT_PRIVATE, 0, NULL <unfinished ...>
6669  futex(0x40001b3948, FUTEX_WAIT_PRIVATE, 0, NULL <unfinished ...>
6661  nanosleep({tv_sec=0, tv_nsec=10000000},  <unfinished ...>
6670  <... futex resumed>)              = 1
6670  futex(0x4000052948, FUTEX_WAKE_PRIVATE, 1 <unfinished ...>
6663  <... futex resumed>)              = 0
6670  <... futex resumed>)              = 1
6663  futex(0x4000053148, FUTEX_WAIT_PRIVATE, 0, NULL <unfinished ...>
6662  <... futex resumed>)              = 0
6670  futex(0x4000053948, FUTEX_WAIT_PRIVATE, 0, NULL <unfinished ...>
6662  futex(0x4000053948, FUTEX_WAKE_PRIVATE, 1 <unfinished ...>
6670  <... futex resumed>)              = -1 EAGAIN (Resource temporarily unavailable)
6662  <... futex resumed>)              = 0
6670  nanosleep({tv_sec=0, tv_nsec=3000},  <unfinished ...>
6662  rt_sigprocmask(SIG_SETMASK, [KILL STOP RT_19 RT_20 RT_21 RT_22 RT_23 RT_24 RT_25 RT_26 RT_27 RT_28 RT_29 RT_30 RT_31 RT_32],  <unfinished ...>
6670  <... nanosleep resumed>NULL)      = 0
6662  <... rt_sigprocmask resumed>NULL, 8) = 0
6670  futex(0x4000053148, FUTEX_WAKE_PRIVATE, 1 <unfinished ...>
6662  futex(0x4000052948, FUTEX_WAIT_PRIVATE, 0, NULL <unfinished ...>
6670  <... futex resumed>)              = 1
6670  futex(0x5e9560, FUTEX_WAKE_PRIVATE, 1 <unfinished ...>
6663  <... futex resumed>)              = 0
6670  <... futex resumed>)              = 1
6663  futex(0x4000053148, FUTEX_WAIT_PRIVATE, 0, NULL <unfinished ...>
6660  <... futex resumed>)              = 0
6670  futex(0x4000053948, FUTEX_WAIT_PRIVATE, 0, NULL <unfinished ...>
6660  futex(0x4000053948, FUTEX_WAKE_PRIVATE, 1) = 0
6670  <... futex resumed>)              = -1 EAGAIN (Resource temporarily unavailable)
6660  futex(0x4000053148, FUTEX_WAKE_PRIVATE, 1 <unfinished ...>
6670  nanosleep({tv_sec=0, tv_nsec=3000},  <unfinished ...>
6660  <... futex resumed>)              = 1
6663  <... futex resumed>)              = 0
6670  <... nanosleep resumed>NULL)      = 0
6670  futex(0x4000053948, FUTEX_WAIT_PRIVATE, 0, NULL <unfinished ...>
6663  futex(0x4000052948, FUTEX_WAKE_PRIVATE, 1 <unfinished ...>
6660  futex(0x5e9560, FUTEX_WAIT_PRIVATE, 0, NULL <unfinished ...>
6663  <... futex resumed>)              = 1
6662  <... futex resumed>)              = 0
6663  futex(0x4000053148, FUTEX_WAIT_PRIVATE, 0, NULL <unfinished ...>
6662  futex(0x4000053148, FUTEX_WAKE_PRIVATE, 1 <unfinished ...>
6663  <... futex resumed>)              = -1 EAGAIN (Resource temporarily unavailable)
6662  <... futex resumed>)              = 0
6663  nanosleep({tv_sec=0, tv_nsec=3000},  <unfinished ...>
6662  rt_sigprocmask(SIG_SETMASK, [KILL STOP RT_20 RT_21 RT_22 RT_23 RT_24 RT_25 RT_26 RT_27 RT_28 RT_29 RT_30 RT_31 RT_32],  <unfinished ...>
6663  <... nanosleep resumed>NULL)      = 0
6662  <... rt_sigprocmask resumed>NULL, 8) = 0
6661  <... nanosleep resumed>NULL)      = 0
6663  futex(0x40001b3948, FUTEX_WAKE_PRIVATE, 1 <unfinished ...>
6662  futex(0x4000053948, FUTEX_WAKE_PRIVATE, 1 <unfinished ...>
6661  epoll_pwait(4,  <unfinished ...>
6663  <... futex resumed>)              = 1
6670  <... futex resumed>)              = 0
6669  <... futex resumed>)              = 0
6663  futex(0x5e9560, FUTEX_WAKE_PRIVATE, 1 <unfinished ...>
6662  <... futex resumed>)              = 1
6661  <... epoll_pwait resumed>[], 128, 0, NULL, 0) = 0
6670  futex(0x4000053948, FUTEX_WAIT_PRIVATE, 0, NULL <unfinished ...>
6669  futex(0x40001b3948, FUTEX_WAIT_PRIVATE, 0, NULL <unfinished ...>
6662  futex(0x4000052948, FUTEX_WAIT_PRIVATE, 0, NULL <unfinished ...>
6661  nanosleep({tv_sec=0, tv_nsec=10000000},  <unfinished ...>
6663  <... futex resumed>)              = 1
6660  <... futex resumed>)              = 0
6660  futex(0x4000053948, FUTEX_WAKE_PRIVATE, 1 <unfinished ...>
6663  futex(0x4000053148, FUTEX_WAIT_PRIVATE, 0, NULL <unfinished ...>
6660  <... futex resumed>)              = 1
6670  <... futex resumed>)              = 0
6660  futex(0x4000053148, FUTEX_WAKE_PRIVATE, 1 <unfinished ...>
6670  futex(0x40001b3948, FUTEX_WAKE_PRIVATE, 1 <unfinished ...>
6660  <... futex resumed>)              = 1
6670  <... futex resumed>)              = 1
6669  <... futex resumed>)              = 0
6663  <... futex resumed>)              = 0
6660  futex(0x5e9560, FUTEX_WAIT_PRIVATE, 0, NULL <unfinished ...>
6663  futex(0x4000053148, FUTEX_WAIT_PRIVATE, 0, NULL <unfinished ...>
6670  futex(0x4000052948, FUTEX_WAKE_PRIVATE, 1 <unfinished ...>
6669  futex(0x40001b3948, FUTEX_WAIT_PRIVATE, 0, NULL <unfinished ...>
6670  <... futex resumed>)              = 1
6662  <... futex resumed>)              = 0
6670  futex(0x4000053948, FUTEX_WAIT_PRIVATE, 0, NULL <unfinished ...>
6662  futex(0x4000053948, FUTEX_WAKE_PRIVATE, 1 <unfinished ...>
6670  <... futex resumed>)              = -1 EAGAIN (Resource temporarily unavailable)
6662  <... futex resumed>)              = 0
6670  nanosleep({tv_sec=0, tv_nsec=3000},  <unfinished ...>
6662  rt_sigprocmask(SIG_SETMASK, [KILL STOP RT_21 RT_22 RT_23 RT_24 RT_25 RT_26 RT_27 RT_28 RT_29 RT_30 RT_31 RT_32],  <unfinished ...>
6670  <... nanosleep resumed>NULL)      = 0
6662  <... rt_sigprocmask resumed>NULL, 8) = 0
6670  futex(0x4000053148, FUTEX_WAKE_PRIVATE, 1 <unfinished ...>
6662  futex(0x40001b3948, FUTEX_WAKE_PRIVATE, 1 <unfinished ...>
6670  <... futex resumed>)              = 1
6670  futex(0x5e9560, FUTEX_WAKE_PRIVATE, 1 <unfinished ...>
6663  <... futex resumed>)              = 0
6662  <... futex resumed>)              = 1
6669  <... futex resumed>)              = 0
6669  sched_yield( <unfinished ...>
6663  futex(0x4000053148, FUTEX_WAIT_PRIVATE, 0, NULL <unfinished ...>
6670  <... futex resumed>)              = 1
6660  <... futex resumed>)              = 0
6670  futex(0x4000053948, FUTEX_WAIT_PRIVATE, 0, NULL <unfinished ...>
6669  <... sched_yield resumed>)        = 0
6662  futex(0x4000052948, FUTEX_WAIT_PRIVATE, 0, NULL <unfinished ...>
6669  futex(0x40001b3948, FUTEX_WAIT_PRIVATE, 0, NULL <unfinished ...>
6660  futex(0x40001b3948, FUTEX_WAKE_PRIVATE, 1) = 0
6669  <... futex resumed>)              = -1 EAGAIN (Resource temporarily unavailable)
6660  futex(0x4000053948, FUTEX_WAKE_PRIVATE, 1 <unfinished ...>
6669  futex(0x4000053148, FUTEX_WAKE_PRIVATE, 1 <unfinished ...>
6660  <... futex resumed>)              = 1
6669  <... futex resumed>)              = 1
6670  <... futex resumed>)              = 0
6663  <... futex resumed>)              = 0
6670  futex(0x4000053948, FUTEX_WAIT_PRIVATE, 0, NULL <unfinished ...>
6669  futex(0x4000052948, FUTEX_WAKE_PRIVATE, 1 <unfinished ...>
6660  futex(0x5e9560, FUTEX_WAIT_PRIVATE, 0, NULL <unfinished ...>
6669  <... futex resumed>)              = 1
6663  futex(0x4000053148, FUTEX_WAIT_PRIVATE, 0, NULL <unfinished ...>
6662  <... futex resumed>)              = 0
6661  <... nanosleep resumed>NULL)      = 0
6669  futex(0x40001b3948, FUTEX_WAIT_PRIVATE, 0, NULL <unfinished ...>
6663  <... futex resumed>)              = -1 EAGAIN (Resource temporarily unavailable)
6662  futex(0x4000053148, FUTEX_WAKE_PRIVATE, 1 <unfinished ...>
6661  epoll_pwait(4, [], 128, 0, NULL, 0) = 0
6663  nanosleep({tv_sec=0, tv_nsec=3000}, NULL) = 0
6662  <... futex resumed>)              = 0
6661  nanosleep({tv_sec=0, tv_nsec=10000000},  <unfinished ...>
6663  futex(0x40001b3948, FUTEX_WAKE_PRIVATE, 1 <unfinished ...>
6662  rt_sigprocmask(SIG_SETMASK, [KILL STOP RT_22 RT_23 RT_24 RT_25 RT_26 RT_27 RT_28 RT_29 RT_30 RT_31 RT_32],  <unfinished ...>
6663  <... futex resumed>)              = 1
6669  <... futex resumed>)              = 0
6669  futex(0x40001b3948, FUTEX_WAIT_PRIVATE, 0, NULL <unfinished ...>
6663  futex(0x5e9560, FUTEX_WAKE_PRIVATE, 1 <unfinished ...>
6662  <... rt_sigprocmask resumed>NULL, 8) = 0
6663  <... futex resumed>)              = 1
6660  <... futex resumed>)              = 0
6662  futex(0x4000052948, FUTEX_WAIT_PRIVATE, 0, NULL <unfinished ...>
6660  futex(0x40001b3948, FUTEX_WAKE_PRIVATE, 1 <unfinished ...>
6663  futex(0x4000053148, FUTEX_WAIT_PRIVATE, 0, NULL <unfinished ...>
6660  <... futex resumed>)              = 1
6660  futex(0x4000053148, FUTEX_WAKE_PRIVATE, 1 <unfinished ...>
6669  <... futex resumed>)              = 0
6660  <... futex resumed>)              = 1
6663  <... futex resumed>)              = 0
6669  futex(0x4000053948, FUTEX_WAKE_PRIVATE, 1 <unfinished ...>
6670  <... futex resumed>)              = 0
6669  <... futex resumed>)              = 1
6663  futex(0x4000053148, FUTEX_WAIT_PRIVATE, 0, NULL <unfinished ...>
6660  futex(0x5e9560, FUTEX_WAIT_PRIVATE, 0, NULL <unfinished ...>
6670  futex(0x4000053948, FUTEX_WAIT_PRIVATE, 0, NULL <unfinished ...>
6669  futex(0x4000052948, FUTEX_WAKE_PRIVATE, 1) = 1
6662  <... futex resumed>)              = 0
6669  futex(0x40001b3948, FUTEX_WAIT_PRIVATE, 0, NULL <unfinished ...>
6662  futex(0x40001b3948, FUTEX_WAKE_PRIVATE, 1 <unfinished ...>
6669  <... futex resumed>)              = -1 EAGAIN (Resource temporarily unavailable)
6669  nanosleep({tv_sec=0, tv_nsec=3000},  <unfinished ...>
6662  <... futex resumed>)              = 0
6669  <... nanosleep resumed>NULL)      = 0
6662  rt_sigprocmask(SIG_SETMASK, [KILL STOP RT_23 RT_24 RT_25 RT_26 RT_27 RT_28 RT_29 RT_30 RT_31 RT_32],  <unfinished ...>
6669  futex(0x4000053948, FUTEX_WAKE_PRIVATE, 1 <unfinished ...>
6662  <... rt_sigprocmask resumed>NULL, 8) = 0
6662  futex(0x4000052948, FUTEX_WAIT_PRIVATE, 0, NULL <unfinished ...>
6670  <... futex resumed>)              = 0
6669  <... futex resumed>)              = 1
6670  futex(0x4000053948, FUTEX_WAIT_PRIVATE, 0, NULL <unfinished ...>
6669  futex(0x5e9560, FUTEX_WAKE_PRIVATE, 1) = 1
6660  <... futex resumed>)              = 0
6660  futex(0x40001b3948, FUTEX_WAKE_PRIVATE, 1 <unfinished ...>
6669  futex(0x40001b3948, FUTEX_WAIT_PRIVATE, 0, NULL <unfinished ...>
6660  <... futex resumed>)              = 0
6669  <... futex resumed>)              = -1 EAGAIN (Resource temporarily unavailable)
6661  <... nanosleep resumed>NULL)      = 0
6660  futex(0x4000053948, FUTEX_WAKE_PRIVATE, 1 <unfinished ...>
6669  futex(0x4000053148, FUTEX_WAKE_PRIVATE, 1 <unfinished ...>
6661  epoll_pwait(4,  <unfinished ...>
6660  <... futex resumed>)              = 1
6670  <... futex resumed>)              = 0
6669  <... futex resumed>)              = 1
6661  <... epoll_pwait resumed>[], 128, 0, NULL, 0) = 0
6663  <... futex resumed>)              = 0
6660  futex(0x5e9560, FUTEX_WAIT_PRIVATE, 0, NULL <unfinished ...>
6670  futex(0x4000053948, FUTEX_WAIT_PRIVATE, 0, NULL <unfinished ...>
6669  futex(0x4000052948, FUTEX_WAKE_PRIVATE, 1 <unfinished ...>
6663  futex(0x4000053148, FUTEX_WAIT_PRIVATE, 0, NULL <unfinished ...>
6661  nanosleep({tv_sec=0, tv_nsec=10000000},  <unfinished ...>
6669  <... futex resumed>)              = 1
6662  <... futex resumed>)              = 0
6669  futex(0x40001b3948, FUTEX_WAIT_PRIVATE, 0, NULL <unfinished ...>
6662  futex(0x4000053148, FUTEX_WAKE_PRIVATE, 1) = 1
6663  <... futex resumed>)              = 0
6663  nanosleep({tv_sec=0, tv_nsec=3000},  <unfinished ...>
6662  rt_sigprocmask(SIG_SETMASK, [KILL STOP RT_24 RT_25 RT_26 RT_27 RT_28 RT_29 RT_30 RT_31 RT_32],  <unfinished ...>
6663  <... nanosleep resumed>NULL)      = 0
6662  <... rt_sigprocmask resumed>NULL, 8) = 0
6663  futex(0x40001b3948, FUTEX_WAKE_PRIVATE, 1 <unfinished ...>
6662  futex(0x4000052948, FUTEX_WAIT_PRIVATE, 0, NULL <unfinished ...>
6669  <... futex resumed>)              = 0
6663  <... futex resumed>)              = 1
6669  futex(0x40001b3948, FUTEX_WAIT_PRIVATE, 0, NULL <unfinished ...>
6663  futex(0x5e9560, FUTEX_WAKE_PRIVATE, 1) = 1
6660  <... futex resumed>)              = 0
6660  futex(0x40001b3948, FUTEX_WAKE_PRIVATE, 1 <unfinished ...>
6663  futex(0x4000053148, FUTEX_WAIT_PRIVATE, 0, NULL <unfinished ...>
6660  <... futex resumed>)              = 1
6660  futex(0x4000053148, FUTEX_WAKE_PRIVATE, 1 <unfinished ...>
6669  <... futex resumed>)              = 0
6660  <... futex resumed>)              = 1
6660  futex(0x5e9560, FUTEX_WAIT_PRIVATE, 0, NULL <unfinished ...>
6669  futex(0x4000053948, FUTEX_WAKE_PRIVATE, 1 <unfinished ...>
6663  <... futex resumed>)              = 0
6670  <... futex resumed>)              = 0
6669  <... futex resumed>)              = 1
6663  futex(0x4000053148, FUTEX_WAIT_PRIVATE, 0, NULL <unfinished ...>
6670  futex(0x4000053948, FUTEX_WAIT_PRIVATE, 0, NULL <unfinished ...>
6669  futex(0x4000052948, FUTEX_WAKE_PRIVATE, 1) = 1
6662  <... futex resumed>)              = 0
6669  futex(0x40001b3948, FUTEX_WAIT_PRIVATE, 0, NULL <unfinished ...>
6662  futex(0x4000053948, FUTEX_WAKE_PRIVATE, 1 <unfinished ...>
6670  <... futex resumed>)              = 0
6662  <... futex resumed>)              = 1
6670  nanosleep({tv_sec=0, tv_nsec=3000},  <unfinished ...>
6662  rt_sigprocmask(SIG_SETMASK, [KILL STOP RT_25 RT_26 RT_27 RT_28 RT_29 RT_30 RT_31 RT_32],  <unfinished ...>
6670  <... nanosleep resumed>NULL)      = 0
6662  <... rt_sigprocmask resumed>NULL, 8) = 0
6661  <... nanosleep resumed>NULL)      = 0
6662  futex(0x40001b3948, FUTEX_WAKE_PRIVATE, 1 <unfinished ...>
6670  futex(0x4000053148, FUTEX_WAKE_PRIVATE, 1 <unfinished ...>
6661  epoll_pwait(4,  <unfinished ...>
6670  <... futex resumed>)              = 1
6669  <... futex resumed>)              = 0
6663  <... futex resumed>)              = 0
6662  <... futex resumed>)              = 1
6661  <... epoll_pwait resumed>[], 128, 0, NULL, 0) = 0
6670  futex(0x5e9560, FUTEX_WAKE_PRIVATE, 1 <unfinished ...>
6669  futex(0x40001b3948, FUTEX_WAIT_PRIVATE, 0, NULL <unfinished ...>
6663  futex(0x4000053148, FUTEX_WAIT_PRIVATE, 0, NULL <unfinished ...>
6661  nanosleep({tv_sec=0, tv_nsec=10000000},  <unfinished ...>
6662  futex(0x4000052948, FUTEX_WAIT_PRIVATE, 0, NULL <unfinished ...>
6660  <... futex resumed>)              = 0
6670  <... futex resumed>)              = 1
6660  futex(0x4000053948, FUTEX_WAKE_PRIVATE, 1 <unfinished ...>
6670  futex(0x4000053948, FUTEX_WAIT_PRIVATE, 0, NULL <unfinished ...>
6660  <... futex resumed>)              = 0
6670  <... futex resumed>)              = -1 EAGAIN (Resource temporarily unavailable)
6660  futex(0x4000053148, FUTEX_WAKE_PRIVATE, 1 <unfinished ...>
6670  futex(0x40001b3948, FUTEX_WAKE_PRIVATE, 1 <unfinished ...>
6660  <... futex resumed>)              = 1
6670  <... futex resumed>)              = 1
6669  <... futex resumed>)              = 0
6663  <... futex resumed>)              = 0
6660  futex(0x5e9560, FUTEX_WAIT_PRIVATE, 0, NULL <unfinished ...>
6663  futex(0x4000053148, FUTEX_WAIT_PRIVATE, 0, NULL <unfinished ...>
6670  futex(0x4000052948, FUTEX_WAKE_PRIVATE, 1 <unfinished ...>
6669  futex(0x40001b3948, FUTEX_WAIT_PRIVATE, 0, NULL <unfinished ...>
6670  <... futex resumed>)              = 1
6662  <... futex resumed>)              = 0
6670  futex(0x4000053948, FUTEX_WAIT_PRIVATE, 0, NULL <unfinished ...>
6662  futex(0x4000053948, FUTEX_WAKE_PRIVATE, 1 <unfinished ...>
6670  <... futex resumed>)              = -1 EAGAIN (Resource temporarily unavailable)
6662  <... futex resumed>)              = 0
6670  nanosleep({tv_sec=0, tv_nsec=3000},  <unfinished ...>
6662  rt_sigprocmask(SIG_SETMASK, [KILL STOP RT_26 RT_27 RT_28 RT_29 RT_30 RT_31 RT_32],  <unfinished ...>
6670  <... nanosleep resumed>NULL)      = 0
6662  <... rt_sigprocmask resumed>NULL, 8) = 0
6670  futex(0x40001b3948, FUTEX_WAKE_PRIVATE, 1) = 1
6669  <... futex resumed>)              = 0
6662  futex(0x4000052948, FUTEX_WAIT_PRIVATE, 0, NULL <unfinished ...>
6670  futex(0x5e9560, FUTEX_WAKE_PRIVATE, 1 <unfinished ...>
6669  futex(0x40001b3948, FUTEX_WAIT_PRIVATE, 0, NULL <unfinished ...>
6660  <... futex resumed>)              = 0
6670  <... futex resumed>)              = 1
6660  futex(0x4000053948, FUTEX_WAKE_PRIVATE, 1 <unfinished ...>
6670  futex(0x4000053948, FUTEX_WAIT_PRIVATE, 0, NULL <unfinished ...>
6660  <... futex resumed>)              = 0
6670  <... futex resumed>)              = -1 EAGAIN (Resource temporarily unavailable)
6660  futex(0x40001b3948, FUTEX_WAKE_PRIVATE, 1 <unfinished ...>
6670  futex(0x4000053148, FUTEX_WAKE_PRIVATE, 1 <unfinished ...>
6660  <... futex resumed>)              = 1
6670  <... futex resumed>)              = 1
6669  <... futex resumed>)              = 0
6663  <... futex resumed>)              = 0
6660  futex(0x5e9560, FUTEX_WAIT_PRIVATE, 0, NULL <unfinished ...>
6670  futex(0x4000052948, FUTEX_WAKE_PRIVATE, 1 <unfinished ...>
6669  futex(0x40001b3948, FUTEX_WAIT_PRIVATE, 0, NULL <unfinished ...>
6663  futex(0x4000053148, FUTEX_WAIT_PRIVATE, 0, NULL <unfinished ...>
6670  <... futex resumed>)              = 1
6661  <... nanosleep resumed>NULL)      = 0
6662  <... futex resumed>)              = 0
6670  futex(0x4000053948, FUTEX_WAIT_PRIVATE, 0, NULL <unfinished ...>
6662  futex(0x4000053948, FUTEX_WAKE_PRIVATE, 1 <unfinished ...>
6661  epoll_pwait(4,  <unfinished ...>
6670  <... futex resumed>)              = -1 EAGAIN (Resource temporarily unavailable)
6662  <... futex resumed>)              = 0
6661  <... epoll_pwait resumed>[], 128, 0, NULL, 0) = 0
6670  nanosleep({tv_sec=0, tv_nsec=3000},  <unfinished ...>
6662  rt_sigprocmask(SIG_SETMASK, [KILL STOP RT_27 RT_28 RT_29 RT_30 RT_31 RT_32],  <unfinished ...>
6661  nanosleep({tv_sec=0, tv_nsec=10000000},  <unfinished ...>
6670  <... nanosleep resumed>NULL)      = 0
6662  <... rt_sigprocmask resumed>NULL, 8) = 0
6670  futex(0x4000053148, FUTEX_WAKE_PRIVATE, 1 <unfinished ...>
6662  futex(0x4000052948, FUTEX_WAIT_PRIVATE, 0, NULL <unfinished ...>
6670  <... futex resumed>)              = 1
6663  <... futex resumed>)              = 0
6670  futex(0x5e9560, FUTEX_WAKE_PRIVATE, 1 <unfinished ...>
6663  futex(0x4000053148, FUTEX_WAIT_PRIVATE, 0, NULL <unfinished ...>
6660  <... futex resumed>)              = 0
6670  <... futex resumed>)              = 1
6670  futex(0x4000053948, FUTEX_WAIT_PRIVATE, 0, NULL <unfinished ...>
6660  futex(0x4000053948, FUTEX_WAKE_PRIVATE, 1) = 0
6670  <... futex resumed>)              = -1 EAGAIN (Resource temporarily unavailable)
6660  futex(0x4000053148, FUTEX_WAKE_PRIVATE, 1 <unfinished ...>
6670  futex(0x40001b3948, FUTEX_WAKE_PRIVATE, 1 <unfinished ...>
6660  <... futex resumed>)              = 1
6670  <... futex resumed>)              = 1
6669  <... futex resumed>)              = 0
6663  <... futex resumed>)              = 0
6660  futex(0x5e9560, FUTEX_WAIT_PRIVATE, 0, NULL <unfinished ...>
6669  futex(0x40001b3948, FUTEX_WAIT_PRIVATE, 0, NULL <unfinished ...>
6670  futex(0x4000052948, FUTEX_WAKE_PRIVATE, 1) = 1
6662  <... futex resumed>)              = 0
6663  futex(0x4000053148, FUTEX_WAIT_PRIVATE, 0, NULL <unfinished ...>
6670  futex(0x4000053948, FUTEX_WAIT_PRIVATE, 0, NULL <unfinished ...>
6662  futex(0x4000053948, FUTEX_WAKE_PRIVATE, 1 <unfinished ...>
6670  <... futex resumed>)              = -1 EAGAIN (Resource temporarily unavailable)
6662  <... futex resumed>)              = 0
6670  nanosleep({tv_sec=0, tv_nsec=3000},  <unfinished ...>
6662  rt_sigprocmask(SIG_SETMASK, [KILL STOP RT_28 RT_29 RT_30 RT_31 RT_32],  <unfinished ...>
6670  <... nanosleep resumed>NULL)      = 0
6662  <... rt_sigprocmask resumed>NULL, 8) = 0
6670  futex(0x40001b3948, FUTEX_WAKE_PRIVATE, 1 <unfinished ...>
6662  futex(0x4000053148, FUTEX_WAKE_PRIVATE, 1 <unfinished ...>
6670  <... futex resumed>)              = 1
6669  <... futex resumed>)              = 0
6663  <... futex resumed>)              = 0
6662  <... futex resumed>)              = 1
6670  futex(0x5e9560, FUTEX_WAKE_PRIVATE, 1 <unfinished ...>
6669  futex(0x40001b3948, FUTEX_WAIT_PRIVATE, 0, NULL <unfinished ...>
6663  futex(0x4000053148, FUTEX_WAIT_PRIVATE, 0, NULL <unfinished ...>
6662  futex(0x4000052948, FUTEX_WAIT_PRIVATE, 0, NULL <unfinished ...>
6660  <... futex resumed>)              = 0
6670  <... futex resumed>)              = 1
6660  futex(0x40001b3948, FUTEX_WAKE_PRIVATE, 1) = 1
6670  futex(0x4000053948, FUTEX_WAIT_PRIVATE, 0, NULL <unfinished ...>
6669  <... futex resumed>)              = 0
6661  <... nanosleep resumed>NULL)      = 0
6669  nanosleep({tv_sec=0, tv_nsec=3000},  <unfinished ...>
6661  epoll_pwait(4,  <unfinished ...>
6660  futex(0x4000053948, FUTEX_WAKE_PRIVATE, 1 <unfinished ...>
6661  <... epoll_pwait resumed>[], 128, 0, NULL, 0) = 0
6669  <... nanosleep resumed>NULL)      = 0
6660  <... futex resumed>)              = 1
6660  futex(0x5e9560, FUTEX_WAIT_PRIVATE, 0, NULL <unfinished ...>
6670  <... futex resumed>)              = 0
6669  futex(0x4000053148, FUTEX_WAKE_PRIVATE, 1 <unfinished ...>
6661  nanosleep({tv_sec=0, tv_nsec=10000000},  <unfinished ...>
6670  futex(0x4000053948, FUTEX_WAIT_PRIVATE, 0, NULL <unfinished ...>
6669  <... futex resumed>)              = 1
6669  futex(0x4000052948, FUTEX_WAKE_PRIVATE, 1 <unfinished ...>
6663  <... futex resumed>)              = 0
6669  <... futex resumed>)              = 1
6669  futex(0x40001b3948, FUTEX_WAIT_PRIVATE, 0, NULL <unfinished ...>
6663  futex(0x4000053148, FUTEX_WAIT_PRIVATE, 0, NULL <unfinished ...>
6662  <... futex resumed>)              = 0
6662  futex(0x4000053148, FUTEX_WAKE_PRIVATE, 1 <unfinished ...>
6663  <... futex resumed>)              = -1 EAGAIN (Resource temporarily unavailable)
6662  <... futex resumed>)              = 0
6663  nanosleep({tv_sec=0, tv_nsec=3000},  <unfinished ...>
6662  rt_sigprocmask(SIG_SETMASK, [KILL STOP RT_29 RT_30 RT_31 RT_32], NULL, 8) = 0
6663  <... nanosleep resumed>NULL)      = 0
6663  futex(0x40001b3948, FUTEX_WAKE_PRIVATE, 1 <unfinished ...>
6662  futex(0x4000052948, FUTEX_WAIT_PRIVATE, 0, NULL <unfinished ...>
6669  <... futex resumed>)              = 0
6663  <... futex resumed>)              = 1
