6662  rt_sigprocmask(SIG_SETMASK, ~[HUP INT QUIT ILL TRAP ABRT BUS FPE SEGV TERM STKFLT CHLD URG PROF SYS RTMIN RT_1 RT_2],  <unfinished ...>
6661  nanosleep({tv_sec=0, tv_nsec=20000},  <unfinished ...>
6669  <... sigaltstack resumed>NULL)    = 0
6662  <... rt_sigprocmask resumed>NULL, 8) = 0
6662  futex(0x4000053148, FUTEX_WAKE_PRIVATE, 1 <unfinished ...>
6661  <... nanosleep resumed>NULL)      = 0
6669  rt_sigprocmask(SIG_SETMASK, [],  <unfinished ...>
6663  <... futex resumed>)              = 0
6662  <... futex resumed>)              = 1
6661  nanosleep({tv_sec=0, tv_nsec=20000},  <unfinished ...>
6663  futex(0x5e9560, FUTEX_WAKE_PRIVATE, 1 <unfinished ...>
6662  futex(0x4000052948, FUTEX_WAIT_PRIVATE, 0, NULL <unfinished ...>
6669  <... rt_sigprocmask resumed>NULL, 8) = 0
6663  <... futex resumed>)              = 1
6669  gettid( <unfinished ...>
6663  futex(0x4000053148, FUTEX_WAIT_PRIVATE, 0, NULL <unfinished ...>
6660  <... futex resumed>)              = 0
6669  <... gettid resumed>)             = 6669
6661  <... nanosleep resumed>NULL)      = 0
6660  futex(0x4000053148, FUTEX_WAKE_PRIVATE, 1 <unfinished ...>
6669  rt_sigprocmask(SIG_SETMASK, ~[],  <unfinished ...>
6661  nanosleep({tv_sec=0, tv_nsec=20000},  <unfinished ...>
6660  <... futex resumed>)              = 1
6669  <... rt_sigprocmask resumed>[], 8) = 0
6663  <... futex resumed>)              = 0
6661  <... nanosleep resumed>NULL)      = 0
6660  futex(0x5e9560, FUTEX_WAIT_PRIVATE, 0, NULL <unfinished ...>
6669  clone(child_stack=0x400038c000, flags=CLONE_VM|CLONE_FS|CLONE_FILES|CLONE_SIGHAND|CLONE_THREAD|CLONE_SYSVSEM <unfinished ...>
6663  futex(0x4000053148, FUTEX_WAIT_PRIVATE, 0, NULL <unfinished ...>
6661  nanosleep({tv_sec=0, tv_nsec=20000},  <unfinished ...>
6669  <... clone resumed>)              = 6670
6669  rt_sigprocmask(SIG_SETMASK, [],  <unfinished ...>
6661  <... nanosleep resumed>NULL)      = 0
6670  gettid( <unfinished ...>
6669  <... rt_sigprocmask resumed>NULL, 8) = 0
6670  <... gettid resumed>)             = 6670
6661  nanosleep({tv_sec=0, tv_nsec=20000},  <unfinished ...>
6670  sigaltstack(NULL,  <unfinished ...>
6669  futex(0x4000052948, FUTEX_WAKE_PRIVATE, 1 <unfinished ...>
6670  <... sigaltstack resumed>{ss_sp=NULL, ss_flags=SS_DISABLE, ss_size=0}) = 0
6661  <... nanosleep resumed>NULL)      = 0
6669  <... futex resumed>)              = 1
6662  <... futex resumed>)              = 0
6661  nanosleep({tv_sec=0, tv_nsec=20000},  <unfinished ...>
6662  rt_sigprocmask(SIG_SETMASK, ~[HUP INT QUIT ILL TRAP ABRT BUS FPE SEGV TERM STKFLT CHLD URG PROF SYS RTMIN RT_1 RT_2],  <unfinished ...>
6670  sigaltstack({ss_sp=0x400030c000, ss_flags=0, ss_size=32768},  <unfinished ...>
6661  <... nanosleep resumed>NULL)      = 0
6669  futex(0x40001b3948, FUTEX_WAIT_PRIVATE, 0, NULL <unfinished ...>
6661  nanosleep({tv_sec=0, tv_nsec=20000},  <unfinished ...>
6670  <... sigaltstack resumed>NULL)    = 0
6661  <... nanosleep resumed>NULL)      = 0
6670  rt_sigprocmask(SIG_SETMASK, [],  <unfinished ...>
6661  nanosleep({tv_sec=0, tv_nsec=20000},  <unfinished ...>
6670  <... rt_sigprocmask resumed>NULL, 8) = 0
6661  <... nanosleep resumed>NULL)      = 0
6670  gettid( <unfinished ...>
6661  epoll_pwait(4,  <unfinished ...>
6670  <... gettid resumed>)             = 6670
6661  <... epoll_pwait resumed>[], 128, 0, NULL, 0) = 0
6670  nanosleep({tv_sec=0, tv_nsec=3000},  <unfinished ...>
6661  nanosleep({tv_sec=0, tv_nsec=20000},  <unfinished ...>
6670  <... nanosleep resumed>NULL)      = 0
6661  <... nanosleep resumed>NULL)      = 0
6670  futex(0x40001b3948, FUTEX_WAKE_PRIVATE, 1 <unfinished ...>
6661  nanosleep({tv_sec=0, tv_nsec=20000},  <unfinished ...>
6670  <... futex resumed>)              = 1
6669  <... futex resumed>)              = 0
6661  <... nanosleep resumed>NULL)      = 0
6670  futex(0x5e9560, FUTEX_WAKE_PRIVATE, 1 <unfinished ...>
6669  futex(0x40001b3948, FUTEX_WAIT_PRIVATE, 0, NULL <unfinished ...>
6670  <... futex resumed>)              = 1
6661  nanosleep({tv_sec=0, tv_nsec=20000},  <unfinished ...>
6670  futex(0x4000053948, FUTEX_WAIT_PRIVATE, 0, NULL <unfinished ...>
6661  <... nanosleep resumed>NULL)      = 0
6660  <... futex resumed>)              = 0
6662  <... rt_sigprocmask resumed>NULL, 8) = 0
6661  nanosleep({tv_sec=0, tv_nsec=20000},  <unfinished ...>
6660  futex(0x4000053948, FUTEX_WAKE_PRIVATE, 1 <unfinished ...>
6662  futex(0x4000052948, FUTEX_WAIT_PRIVATE, 0, NULL <unfinished ...>
6661  <... nanosleep resumed>NULL)      = 0
6660  <... futex resumed>)              = 1
6661  nanosleep({tv_sec=0, tv_nsec=20000},  <unfinished ...>
6670  <... futex resumed>)              = 0
6660  futex(0x40001b3948, FUTEX_WAKE_PRIVATE, 1 <unfinished ...>
6670  nanosleep({tv_sec=0, tv_nsec=3000},  <unfinished ...>
6661  <... nanosleep resumed>NULL)      = 0
6670  <... nanosleep resumed>NULL)      = 0
6661  nanosleep({tv_sec=0, tv_nsec=20000},  <unfinished ...>
6660  <... futex resumed>)              = 1
6669  <... futex resumed>)              = 0
6670  futex(0x4000053148, FUTEX_WAKE_PRIVATE, 1 <unfinished ...>
6661  <... nanosleep resumed>NULL)      = 0
6660  futex(0x5e9560, FUTEX_WAIT_PRIVATE, 0, NULL <unfinished ...>
6669  futex(0x40001b3948, FUTEX_WAIT_PRIVATE, 0, NULL <unfinished ...>
6670  <... futex resumed>)              = 1
6670  futex(0x4000052948, FUTEX_WAKE_PRIVATE, 1 <unfinished ...>
6661  nanosleep({tv_sec=0, tv_nsec=20000},  <unfinished ...>
6670  <... futex resumed>)              = 1
6662  <... futex resumed>)              = 0
6670  futex(0x4000053948, FUTEX_WAIT_PRIVATE, 0, NULL <unfinished ...>
6662  rt_sigprocmask(SIG_SETMASK, ~[HUP INT QUIT ILL TRAP ABRT BUS FPE SEGV TERM STKFLT CHLD URG PROF SYS RTMIN RT_1 RT_2],  <unfinished ...>
6661  <... nanosleep resumed>NULL)      = 0
6663  <... futex resumed>)              = 0
6661  nanosleep({tv_sec=0, tv_nsec=20000},  <unfinished ...>
6663  nanosleep({tv_sec=0, tv_nsec=3000},  <unfinished ...>
6662  <... rt_sigprocmask resumed>NULL, 8) = 0
6661  <... nanosleep resumed>NULL)      = 0
6663  <... nanosleep resumed>NULL)      = 0
6662  futex(0x4000053948, FUTEX_WAKE_PRIVATE, 1 <unfinished ...>
6661  nanosleep({tv_sec=0, tv_nsec=20000},  <unfinished ...>
6663  futex(0x40001b3948, FUTEX_WAKE_PRIVATE, 1 <unfinished ...>
6662  <... futex resumed>)              = 1
6661  <... nanosleep resumed>NULL)      = 0
6670  <... futex resumed>)              = 0
6670  futex(0x4000053948, FUTEX_WAIT_PRIVATE, 0, NULL <unfinished ...>
6663  <... futex resumed>)              = 1
6662  futex(0x4000052948, FUTEX_WAIT_PRIVATE, 0, NULL <unfinished ...>
6669  <... futex resumed>)              = 0
6663  futex(0x5e9560, FUTEX_WAKE_PRIVATE, 1 <unfinished ...>
6661  epoll_pwait(4,  <unfinished ...>
6669  futex(0x40001b3948, FUTEX_WAIT_PRIVATE, 0, NULL <unfinished ...>
6661  <... epoll_pwait resumed>[], 128, 0, NULL, 0) = 0
6660  <... futex resumed>)              = 0
6663  <... futex resumed>)              = 1
6661  nanosleep({tv_sec=0, tv_nsec=20000},  <unfinished ...>
6660  futex(0x40001b3948, FUTEX_WAKE_PRIVATE, 1 <unfinished ...>
6663  futex(0x4000053148, FUTEX_WAIT_PRIVATE, 0, NULL <unfinished ...>
6661  <... nanosleep resumed>NULL)      = 0
6660  <... futex resumed>)              = 1
6661  nanosleep({tv_sec=0, tv_nsec=20000},  <unfinished ...>
6669  <... futex resumed>)              = 0
6660  futex(0x4000053148, FUTEX_WAKE_PRIVATE, 1 <unfinished ...>
6669  nanosleep({tv_sec=0, tv_nsec=3000},  <unfinished ...>
6661  <... nanosleep resumed>NULL)      = 0
6660  <... futex resumed>)              = 1
6660  futex(0x5e9560, FUTEX_WAIT_PRIVATE, 0, NULL <unfinished ...>
6661  nanosleep({tv_sec=0, tv_nsec=20000},  <unfinished ...>
6669  <... nanosleep resumed>NULL)      = 0
6663  <... futex resumed>)              = 0
6661  <... nanosleep resumed>NULL)      = 0
6669  futex(0x4000053948, FUTEX_WAKE_PRIVATE, 1 <unfinished ...>
6663  futex(0x4000053148, FUTEX_WAIT_PRIVATE, 0, NULL <unfinished ...>
6661  nanosleep({tv_sec=0, tv_nsec=20000},  <unfinished ...>
6669  <... futex resumed>)              = 1
6670  <... futex resumed>)              = 0
6669  futex(0x4000052948, FUTEX_WAKE_PRIVATE, 1 <unfinished ...>
6661  <... nanosleep resumed>NULL)      = 0
6670  futex(0x4000053948, FUTEX_WAIT_PRIVATE, 0, NULL <unfinished ...>
6661  nanosleep({tv_sec=0, tv_nsec=20000},  <unfinished ...>
6669  <... futex resumed>)              = 1
6669  futex(0x40001b3948, FUTEX_WAIT_PRIVATE, 0, NULL <unfinished ...>
6662  <... futex resumed>)              = 0
6661  <... nanosleep resumed>NULL)      = 0
6662  futex(0x40001b3948, FUTEX_WAKE_PRIVATE, 1 <unfinished ...>
6661  nanosleep({tv_sec=0, tv_nsec=20000},  <unfinished ...>
6669  <... futex resumed>)              = 0
6662  <... futex resumed>)              = 1
6661  <... nanosleep resumed>NULL)      = 0
6669  nanosleep({tv_sec=0, tv_nsec=3000},  <unfinished ...>
6662  rt_sigprocmask(SIG_SETMASK, ~[HUP INT QUIT ILL TRAP ABRT BUS FPE SEGV TERM STKFLT CHLD URG PROF SYS RTMIN RT_1 RT_2],  <unfinished ...>
6669  <... nanosleep resumed>NULL)      = 0
6661  nanosleep({tv_sec=0, tv_nsec=20000},  <unfinished ...>
6669  futex(0x4000053948, FUTEX_WAKE_PRIVATE, 1 <unfinished ...>
6662  <... rt_sigprocmask resumed>NULL, 8) = 0
6669  <... futex resumed>)              = 1
6662  futex(0x4000052948, FUTEX_WAIT_PRIVATE, 0, NULL <unfinished ...>
6661  <... nanosleep resumed>NULL)      = 0
6670  <... futex resumed>)              = 0
6669  futex(0x5e9560, FUTEX_WAKE_PRIVATE, 1 <unfinished ...>
6660  <... futex resumed>)              = 0
6670  futex(0x4000053948, FUTEX_WAIT_PRIVATE, 0, NULL <unfinished ...>
6669  <... futex resumed>)              = 1
6660  futex(0x40001b3948, FUTEX_WAKE_PRIVATE, 1 <unfinished ...>
6669  futex(0x40001b3948, FUTEX_WAIT_PRIVATE, 0, NULL <unfinished ...>
6661  nanosleep({tv_sec=0, tv_nsec=40000},  <unfinished ...>
6669  <... futex resumed>)              = -1 EAGAIN (Resource temporarily unavailable)
6660  <... futex resumed>)              = 0
6660  futex(0x4000053948, FUTEX_WAKE_PRIVATE, 1 <unfinished ...>
6669  nanosleep({tv_sec=0, tv_nsec=3000},  <unfinished ...>
6661  <... nanosleep resumed>NULL)      = 0
6660  <... futex resumed>)              = 1
6670  <... futex resumed>)              = 0
6669  <... nanosleep resumed>NULL)      = 0
6661  epoll_pwait(4,  <unfinished ...>
6660  futex(0x5e9560, FUTEX_WAIT_PRIVATE, 0, NULL <unfinished ...>
6669  futex(0x4000053148, FUTEX_WAKE_PRIVATE, 1 <unfinished ...>
6661  <... epoll_pwait resumed>[], 128, 0, NULL, 0) = 0
6670  futex(0x4000053948, FUTEX_WAIT_PRIVATE, 0, NULL <unfinished ...>
6669  <... futex resumed>)              = 1
6669  futex(0x4000052948, FUTEX_WAKE_PRIVATE, 1 <unfinished ...>
6663  <... futex resumed>)              = 0
6661  nanosleep({tv_sec=0, tv_nsec=80000},  <unfinished ...>
6669  <... futex resumed>)              = 1
6669  futex(0x40001b3948, FUTEX_WAIT_PRIVATE, 0, NULL <unfinished ...>
6663  futex(0x4000053148, FUTEX_WAIT_PRIVATE, 0, NULL <unfinished ...>
6662  <... futex resumed>)              = 0
6661  <... nanosleep resumed>NULL)      = 0
6662  futex(0x40001b3948, FUTEX_WAKE_PRIVATE, 1 <unfinished ...>
6661  nanosleep({tv_sec=0, tv_nsec=160000},  <unfinished ...>
6662  <... futex resumed>)              = 1
6661  <... nanosleep resumed>NULL)      = 0
6669  <... futex resumed>)              = 0
6669  nanosleep({tv_sec=0, tv_nsec=3000},  <unfinished ...>
6662  rt_sigprocmask(SIG_SETMASK, ~[HUP INT QUIT ILL TRAP ABRT BUS FPE USR1 SEGV TERM STKFLT CHLD URG PROF SYS RTMIN RT_1 RT_2],  <unfinished ...>
6661  nanosleep({tv_sec=0, tv_nsec=320000},  <unfinished ...>
6669  <... nanosleep resumed>NULL)      = 0
6662  <... rt_sigprocmask resumed>NULL, 8) = 0
6669  futex(0x4000053148, FUTEX_WAKE_PRIVATE, 1) = 1
6663  <... futex resumed>)              = 0
6662  futex(0x4000052948, FUTEX_WAIT_PRIVATE, 0, NULL <unfinished ...>
6661  <... nanosleep resumed>NULL)      = 0
6669  futex(0x5e9560, FUTEX_WAKE_PRIVATE, 1 <unfinished ...>
6663  futex(0x4000053148, FUTEX_WAIT_PRIVATE, 0, NULL <unfinished ...>
6660  <... futex resumed>)              = 0
6669  <... futex resumed>)              = 1
6669  futex(0x40001b3948, FUTEX_WAIT_PRIVATE, 0, NULL <unfinished ...>
6661  nanosleep({tv_sec=0, tv_nsec=640000},  <unfinished ...>
6660  futex(0x40001b3948, FUTEX_WAKE_PRIVATE, 1 <unfinished ...>
6669  <... futex resumed>)              = -1 EAGAIN (Resource temporarily unavailable)
6660  <... futex resumed>)              = 0
6669  nanosleep({tv_sec=0, tv_nsec=3000},  <unfinished ...>
6660  futex(0x4000053148, FUTEX_WAKE_PRIVATE, 1 <unfinished ...>
6661  <... nanosleep resumed>NULL)      = 0
6669  <... nanosleep resumed>NULL)      = 0
6660  <... futex resumed>)              = 1
6669  futex(0x4000053948, FUTEX_WAKE_PRIVATE, 1 <unfinished ...>
6663  <... futex resumed>)              = 0
6669  <... futex resumed>)              = 1
6663  futex(0x4000053148, FUTEX_WAIT_PRIVATE, 0, NULL <unfinished ...>
6661  nanosleep({tv_sec=0, tv_nsec=1280000},  <unfinished ...>
6670  <... futex resumed>)              = 0
6670  futex(0x4000053948, FUTEX_WAIT_PRIVATE, 0, NULL <unfinished ...>
6669  futex(0x4000052948, FUTEX_WAKE_PRIVATE, 1 <unfinished ...>
6660  futex(0x5e9560, FUTEX_WAIT_PRIVATE, 0, NULL <unfinished ...>
6669  <... futex resumed>)              = 1
6669  futex(0x40001b3948, FUTEX_WAIT_PRIVATE, 0, NULL <unfinished ...>
6662  <... futex resumed>)              = 0
6669  <... futex resumed>)              = -1 EAGAIN (Resource temporarily unavailable)
6662  futex(0x40001b3948, FUTEX_WAKE_PRIVATE, 1 <unfinished ...>
6669  nanosleep({tv_sec=0, tv_nsec=3000},  <unfinished ...>
6662  <... futex resumed>)              = 0
6669  <... nanosleep resumed>NULL)      = 0
6661  <... nanosleep resumed>NULL)      = 0
6662  rt_sigprocmask(SIG_SETMASK, ~[HUP INT QUIT ILL TRAP ABRT BUS FPE USR1 SEGV USR2 TERM STKFLT CHLD URG PROF SYS RTMIN RT_1 RT_2],  <unfinished ...>
6669  futex(0x4000053948, FUTEX_WAKE_PRIVATE, 1 <unfinished ...>
6662  <... rt_sigprocmask resumed>NULL, 8) = 0
6661  epoll_pwait(4,  <unfinished ...>
6670  <... futex resumed>)              = 0
6669  <... futex resumed>)              = 1
6661  <... epoll_pwait resumed>[], 128, 0, NULL, 0) = 0
6670  futex(0x4000053948, FUTEX_WAIT_PRIVATE, 0, NULL <unfinished ...>
6662  futex(0x4000052948, FUTEX_WAIT_PRIVATE, 0, NULL <unfinished ...>
6669  futex(0x5e9560, FUTEX_WAKE_PRIVATE, 1 <unfinished ...>
6661  nanosleep({tv_sec=0, tv_nsec=2560000},  <unfinished ...>
6669  <... futex resumed>)              = 1
6660  <... futex resumed>)              = 0
6660  futex(0x40001b3948, FUTEX_WAKE_PRIVATE, 1 <unfinished ...>
6669  futex(0x40001b3948, FUTEX_WAIT_PRIVATE, 0, NULL <unfinished ...>
6660  <... futex resumed>)              = 0
6669  <... futex resumed>)              = -1 EAGAIN (Resource temporarily unavailable)
6669  nanosleep({tv_sec=0, tv_nsec=3000},  <unfinished ...>
6660  futex(0x4000053948, FUTEX_WAKE_PRIVATE, 1 <unfinished ...>
6669  <... nanosleep resumed>NULL)      = 0
6660  <... futex resumed>)              = 1
6669  futex(0x4000053148, FUTEX_WAKE_PRIVATE, 1 <unfinished ...>
6670  <... futex resumed>)              = 0
6660  futex(0x5e9560, FUTEX_WAIT_PRIVATE, 0, NULL <unfinished ...>
6669  <... futex resumed>)              = 1
6661  <... nanosleep resumed>NULL)      = 0
6670  futex(0x4000053948, FUTEX_WAIT_PRIVATE, 0, NULL <unfinished ...>
6669  futex(0x4000052948, FUTEX_WAKE_PRIVATE, 1 <unfinished ...>
6663  <... futex resumed>)              = 0
6661  nanosleep({tv_sec=0, tv_nsec=5120000},  <unfinished ...>
6669  <... futex resumed>)              = 1
6663  futex(0x4000053148, FUTEX_WAIT_PRIVATE, 0, NULL <unfinished ...>
6662  <... futex resumed>)              = 0
6669  futex(0x40001b3948, FUTEX_WAIT_PRIVATE, 0, NULL) = -1 EAGAIN (Resource temporarily unavailable)
6662  futex(0x40001b3948, FUTEX_WAKE_PRIVATE, 1 <unfinished ...>
6669  nanosleep({tv_sec=0, tv_nsec=3000},  <unfinished ...>
6662  <... futex resumed>)              = 0
6669  <... nanosleep resumed>NULL)      = 0
6662  rt_sigprocmask(SIG_SETMASK, ~[HUP INT QUIT ILL TRAP ABRT BUS FPE USR1 SEGV USR2 PIPE TERM STKFLT CHLD URG PROF SYS RTMIN RT_1 RT_2],  <unfinished ...>
6669  futex(0x4000053148, FUTEX_WAKE_PRIVATE, 1 <unfinished ...>
6662  <... rt_sigprocmask resumed>NULL, 8) = 0
6669  <... futex resumed>)              = 1
6662  futex(0x4000052948, FUTEX_WAIT_PRIVATE, 0, NULL <unfinished ...>
6669  futex(0x5e9560, FUTEX_WAKE_PRIVATE, 1 <unfinished ...>
6663  <... futex resumed>)              = 0
6669  <... futex resumed>)              = 1
6663  futex(0x4000053148, FUTEX_WAIT_PRIVATE, 0, NULL <unfinished ...>
6660  <... futex resumed>)              = 0
6669  futex(0x40001b3948, FUTEX_WAIT_PRIVATE, 0, NULL <unfinished ...>
6660  futex(0x40001b3948, FUTEX_WAKE_PRIVATE, 1) = 1
6669  <... futex resumed>)              = 0
6660  futex(0x4000053148, FUTEX_WAKE_PRIVATE, 1 <unfinished ...>
6669  nanosleep({tv_sec=0, tv_nsec=3000},  <unfinished ...>
6660  <... futex resumed>)              = 1
6661  <... nanosleep resumed>NULL)      = 0
6669  <... nanosleep resumed>NULL)      = 0
6663  <... futex resumed>)              = 0
6661  epoll_pwait(4,  <unfinished ...>
6660  futex(0x5e9560, FUTEX_WAIT_PRIVATE, 0, NULL <unfinished ...>
6669  futex(0x40001b3948, FUTEX_WAIT_PRIVATE, 0, NULL <unfinished ...>
6663  futex(0x4000052948, FUTEX_WAKE_PRIVATE, 1) = 1
6662  <... futex resumed>)              = 0
6661  <... epoll_pwait resumed>[], 128, 0, NULL, 0) = 0
6663  futex(0x4000053148, FUTEX_WAIT_PRIVATE, 0, NULL <unfinished ...>
6661  nanosleep({tv_sec=0, tv_nsec=10000000},  <unfinished ...>
6662  futex(0x4000053148, FUTEX_WAKE_PRIVATE, 1) = 1
6663  <... futex resumed>)              = 0
6662  rt_sigprocmask(SIG_SETMASK, ~[HUP INT QUIT ILL TRAP ABRT BUS FPE USR1 SEGV USR2 PIPE ALRM TERM STKFLT CHLD URG PROF SYS RTMIN RT_1 RT_2],  <unfinished ...>
6663  nanosleep({tv_sec=0, tv_nsec=3000},  <unfinished ...>
6662  <... rt_sigprocmask resumed>NULL, 8) = 0
6662  futex(0x40001b3948, FUTEX_WAKE_PRIVATE, 1 <unfinished ...>
6669  <... futex resumed>)              = 0
6663  <... nanosleep resumed>NULL)      = 0
6662  <... futex resumed>)              = 1
6669  futex(0x40001b3948, FUTEX_WAIT_PRIVATE, 0, NULL <unfinished ...>
6663  futex(0x4000053948, FUTEX_WAKE_PRIVATE, 1) = 1
6662  futex(0x4000052948, FUTEX_WAIT_PRIVATE, 0, NULL <unfinished ...>
6670  <... futex resumed>)              = 0
6663  futex(0x5e9560, FUTEX_WAKE_PRIVATE, 1 <unfinished ...>
6670  futex(0x4000053948, FUTEX_WAIT_PRIVATE, 0, NULL <unfinished ...>
6660  <... futex resumed>)              = 0
6663  <... futex resumed>)              = 1
6660  futex(0x4000053948, FUTEX_WAKE_PRIVATE, 1 <unfinished ...>
6663  futex(0x4000053148, FUTEX_WAIT_PRIVATE, 0, NULL <unfinished ...>
6660  <... futex resumed>)              = 1
6670  <... futex resumed>)              = 0
6660  futex(0x4000053148, FUTEX_WAKE_PRIVATE, 1) = 1
6670  futex(0x40001b3948, FUTEX_WAKE_PRIVATE, 1 <unfinished ...>
6663  <... futex resumed>)              = 0
6670  <... futex resumed>)              = 1
6663  futex(0x4000053148, FUTEX_WAIT_PRIVATE, 0, NULL <unfinished ...>
6670  futex(0x4000052948, FUTEX_WAKE_PRIVATE, 1 <unfinished ...>
6669  <... futex resumed>)              = 0
6660  futex(0x5e9560, FUTEX_WAIT_PRIVATE, 0, NULL <unfinished ...>
6670  <... futex resumed>)              = 1
6669  futex(0x40001b3948, FUTEX_WAIT_PRIVATE, 0, NULL <unfinished ...>
6662  <... futex resumed>)              = 0
6670  futex(0x4000053948, FUTEX_WAIT_PRIVATE, 0, NULL <unfinished ...>
6662  futex(0x4000053948, FUTEX_WAKE_PRIVATE, 1 <unfinished ...>
6670  <... futex resumed>)              = -1 EAGAIN (Resource temporarily unavailable)
6662  <... futex resumed>)              = 0
6670  nanosleep({tv_sec=0, tv_nsec=3000},  <unfinished ...>
6662  rt_sigprocmask(SIG_SETMASK, ~[HUP INT QUIT ILL TRAP ABRT BUS FPE USR1 SEGV USR2 PIPE ALRM TERM STKFLT CHLD URG PROF SYS RTMIN RT_1 RT_2],  <unfinished ...>
6670  <... nanosleep resumed>NULL)      = 0
6662  <... rt_sigprocmask resumed>NULL, 8) = 0
6670  futex(0x4000053148, FUTEX_WAKE_PRIVATE, 1 <unfinished ...>
6662  futex(0x40001b3948, FUTEX_WAKE_PRIVATE, 1 <unfinished ...>
6670  <... futex resumed>)              = 1
6661  <... nanosleep resumed>NULL)      = 0
6670  futex(0x5e9560, FUTEX_WAKE_PRIVATE, 1 <unfinished ...>
6669  <... futex resumed>)              = 0
6663  <... futex resumed>)              = 0
6662  <... futex resumed>)              = 1
6661  epoll_pwait(4,  <unfinished ...>
6660  <... futex resumed>)              = 0
6670  <... futex resumed>)              = 1
6669  futex(0x40001b3948, FUTEX_WAIT_PRIVATE, 0, NULL <unfinished ...>
6663  futex(0x4000053148, FUTEX_WAIT_PRIVATE, 0, NULL <unfinished ...>
6662  futex(0x4000052948, FUTEX_WAIT_PRIVATE, 0, NULL <unfinished ...>
6661  <... epoll_pwait resumed>[], 128, 0, NULL, 0) = 0
6660  futex(0x40001b3948, FUTEX_WAKE_PRIVATE, 1 <unfinished ...>
6670  futex(0x4000053948, FUTEX_WAIT_PRIVATE, 0, NULL <unfinished ...>
6661  nanosleep({tv_sec=0, tv_nsec=10000000},  <unfinished ...>
6660  <... futex resumed>)              = 1
6669  <... futex resumed>)              = 0
6660  futex(0x4000053948, FUTEX_WAKE_PRIVATE, 1 <unfinished ...>
6669  futex(0x4000053148, FUTEX_WAKE_PRIVATE, 1 <unfinished ...>
6660  <... futex resumed>)              = 1
6669  <... futex resumed>)              = 1
6663  <... futex resumed>)              = 0
6670  <... futex resumed>)              = 0
6660  futex(0x5e9560, FUTEX_WAIT_PRIVATE, 0, NULL <unfinished ...>
6669  futex(0x4000052948, FUTEX_WAKE_PRIVATE, 1 <unfinished ...>
6663  futex(0x4000053148, FUTEX_WAIT_PRIVATE, 0, NULL <unfinished ...>
6670  futex(0x4000053948, FUTEX_WAIT_PRIVATE, 0, NULL <unfinished ...>
6669  <... futex resumed>)              = 1
6662  <... futex resumed>)              = 0
6669  futex(0x40001b3948, FUTEX_WAIT_PRIVATE, 0, NULL <unfinished ...>
6662  futex(0x4000053948, FUTEX_WAKE_PRIVATE, 1) = 1
6670  <... futex resumed>)              = 0
6662  rt_sigprocmask(SIG_SETMASK, ~[HUP INT QUIT ILL TRAP ABRT BUS FPE USR1 SEGV USR2 PIPE ALRM TERM STKFLT CHLD URG PROF SYS RTMIN RT_1 RT_2],  <unfinished ...>
6670  nanosleep({tv_sec=0, tv_nsec=3000},  <unfinished ...>
6662  <... rt_sigprocmask resumed>NULL, 8) = 0
6670  <... nanosleep resumed>NULL)      = 0
6662  futex(0x40001b3948, FUTEX_WAKE_PRIVATE, 1 <unfinished ...>
6670  futex(0x4000053148, FUTEX_WAKE_PRIVATE, 1) = 1
6669  <... futex resumed>)              = 0
6663  <... futex resumed>)              = 0
6662  <... futex resumed>)              = 1
6670  futex(0x5e9560, FUTEX_WAKE_PRIVATE, 1 <unfinished ...>
6662  futex(0x4000052948, FUTEX_WAIT_PRIVATE, 0, NULL <unfinished ...>
6660  <... futex resumed>)              = 0
6670  <... futex resumed>)              = 1
6669  futex(0x40001b3948, FUTEX_WAIT_PRIVATE, 0, NULL <unfinished ...>
6663  futex(0x4000053148, FUTEX_WAIT_PRIVATE, 0, NULL <unfinished ...>
6660  futex(0x40001b3948, FUTEX_WAKE_PRIVATE, 1 <unfinished ...>
6670  futex(0x4000053948, FUTEX_WAIT_PRIVATE, 0, NULL <unfinished ...>
6660  <... futex resumed>)              = 0
6660  futex(0x4000053948, FUTEX_WAKE_PRIVATE, 1 <unfinished ...>
6670  <... futex resumed>)              = -1 EAGAIN (Resource temporarily unavailable)
6669  <... futex resumed>)              = -1 EAGAIN (Resource temporarily unavailable)
6660  <... futex resumed>)              = 0
6669  futex(0x4000053148, FUTEX_WAKE_PRIVATE, 1 <unfinished ...>
6670  futex(0x4000053948, FUTEX_WAIT_PRIVATE, 0, NULL <unfinished ...>
6660  futex(0x5e9560, FUTEX_WAIT_PRIVATE, 0, NULL <unfinished ...>
6669  <... futex resumed>)              = 1
6663  <... futex resumed>)              = 0
6669  futex(0x4000052948, FUTEX_WAKE_PRIVATE, 1 <unfinished ...>
6663  futex(0x4000053148, FUTEX_WAIT_PRIVATE, 0, NULL <unfinished ...>
6669  <... futex resumed>)              = 1
6662  <... futex resumed>)              = 0
6669  futex(0x40001b3948, FUTEX_WAIT_PRIVATE, 0, NULL <unfinished ...>
6662  futex(0x40001b3948, FUTEX_WAKE_PRIVATE, 1 <unfinished ...>
6669  <... futex resumed>)              = -1 EAGAIN (Resource temporarily unavailable)
6662  <... futex resumed>)              = 0
6661  <... nanosleep resumed>NULL)      = 0
6669  nanosleep({tv_sec=0, tv_nsec=3000},  <unfinished ...>
6662  rt_sigprocmask(SIG_SETMASK, [KILL STOP TSTP TTIN TTOU XCPU XFSZ VTALRM WINCH IO PWR RT_3 RT_4 RT_5 RT_6 RT_7 RT_8 RT_9 RT_10 RT_11 RT_12 RT_13 RT_14 RT_15 RT_16 RT_17 RT_18 RT_19 RT_20 RT_21 RT_22 RT_23 RT_24 RT_25 RT_26 RT_27 RT_28 RT_29 RT_30 RT_31 RT_32],  <unfinished ...>
6661  epoll_pwait(4,  <unfinished ...>
6669  <... nanosleep resumed>NULL)      = 0
6662  <... rt_sigprocmask resumed>NULL, 8) = 0
6661  <... epoll_pwait resumed>[], 128, 0, NULL, 0) = 0
6669  futex(0x4000053948, FUTEX_WAKE_PRIVATE, 1 <unfinished ...>
6662  futex(0x4000053148, FUTEX_WAKE_PRIVATE, 1 <unfinished ...>
6661  nanosleep({tv_sec=0, tv_nsec=10000000},  <unfinished ...>
6669  <... futex resumed>)              = 1
6670  <... futex resumed>)              = 0
6669  futex(0x5e9560, FUTEX_WAKE_PRIVATE, 1 <unfinished ...>
6662  <... futex resumed>)              = 1
6663  <... futex resumed>)              = 0
6670  futex(0x4000053948, FUTEX_WAIT_PRIVATE, 0, NULL <unfinished ...>
6660  <... futex resumed>)              = 0
6669  <... futex resumed>)              = 1
6663  futex(0x4000053148, FUTEX_WAIT_PRIVATE, 0, NULL <unfinished ...>
6662  futex(0x4000052948, FUTEX_WAIT_PRIVATE, 0, NULL <unfinished ...>
6660  futex(0x4000053148, FUTEX_WAKE_PRIVATE, 1 <unfinished ...>
6669  futex(0x40001b3948, FUTEX_WAIT_PRIVATE, 0, NULL <unfinished ...>
6663  <... futex resumed>)              = -1 EAGAIN (Resource temporarily unavailable)
6660  <... futex resumed>)              = 0
6663  nanosleep({tv_sec=0, tv_nsec=3000},  <unfinished ...>
6660  rt_sigaction(SIGCONT, NULL,  <unfinished ...>
6663  <... nanosleep resumed>NULL)      = 0
6660  <... rt_sigaction resumed>{sa_handler=SIG_DFL, sa_mask=[], sa_flags=0}, 8) = 0
6663  futex(0x40001b3948, FUTEX_WAKE_PRIVATE, 1 <unfinished ...>
6660  rt_sigaction(SIGCONT, {sa_handler=0x87530, sa_mask=~[], sa_flags=SA_ONSTACK|SA_RESTART|SA_SIGINFO},  <unfinished ...>
6663  <... futex resumed>)              = 1
6669  <... futex resumed>)              = 0
6669  futex(0x40001b3948, FUTEX_WAIT_PRIVATE, 0, NULL <unfinished ...>
6663  futex(0x4000052948, FUTEX_WAKE_PRIVATE, 1 <unfinished ...>
6660  <... rt_sigaction resumed>NULL, 8) = 0
6660  futex(0x5e9560, FUTEX_WAIT_PRIVATE, 0, NULL <unfinished ...>
6663  <... futex resumed>)              = 1
6662  <... futex resumed>)              = 0
6663  futex(0x4000053148, FUTEX_WAIT_PRIVATE, 0, NULL <unfinished ...>
6662  futex(0x40001b3948, FUTEX_WAKE_PRIVATE, 1 <unfinished ...>
6669  <... futex resumed>)              = 0
6662  <... futex resumed>)              = 1
6669  nanosleep({tv_sec=0, tv_nsec=3000},  <unfinished ...>
6662  rt_sigprocmask(SIG_SETMASK, [KILL STOP TTIN TTOU XCPU XFSZ VTALRM WINCH IO PWR RT_3 RT_4 RT_5 RT_6 RT_7 RT_8 RT_9 RT_10 RT_11 RT_12 RT_13 RT_14 RT_15 RT_16 RT_17 RT_18 RT_19 RT_20 RT_21 RT_22 RT_23 RT_24 RT_25 RT_26 RT_27 RT_28 RT_29 RT_30 RT_31 RT_32],  <unfinished ...>
6669  <... nanosleep resumed>NULL)      = 0
6662  <... rt_sigprocmask resumed>NULL, 8) = 0
6669  futex(0x4000053148, FUTEX_WAKE_PRIVATE, 1 <unfinished ...>
6662  futex(0x4000052948, FUTEX_WAIT_PRIVATE, 0, NULL <unfinished ...>
6669  <... futex resumed>)              = 1
6663  <... futex resumed>)              = 0
6669  futex(0x5e9560, FUTEX_WAKE_PRIVATE, 1 <unfinished ...>
6663  futex(0x4000053148, FUTEX_WAIT_PRIVATE, 0, NULL <unfinished ...>
6660  <... futex resumed>)              = 0
6669  <... futex resumed>)              = 1
6660  futex(0x4000053148, FUTEX_WAKE_PRIVATE, 1 <unfinished ...>
6669  futex(0x40001b3948, FUTEX_WAIT_PRIVATE, 0, NULL <unfinished ...>
6660  <... futex resumed>)              = 1
6663  <... futex resumed>)              = 0
6660  rt_sigaction(SIGTSTP, NULL,  <unfinished ...>
6663  nanosleep({tv_sec=0, tv_nsec=3000},  <unfinished ...>
6661  <... nanosleep resumed>NULL)      = 0
6660  <... rt_sigaction resumed>{sa_handler=SIG_DFL, sa_mask=[], sa_flags=0}, 8) = 0
6660  rt_sigaction(SIGTSTP, {sa_handler=0x87530, sa_mask=~[], sa_flags=SA_ONSTACK|SA_RESTART|SA_SIGINFO},  <unfinished ...>
6663  <... nanosleep resumed>NULL)      = 0
6661  epoll_pwait(4,  <unfinished ...>
6660  <... rt_sigaction resumed>NULL, 8) = 0
6663  futex(0x40001b3948, FUTEX_WAKE_PRIVATE, 1 <unfinished ...>
6661  <... epoll_pwait resumed>[], 128, 0, NULL, 0) = 0
6660  futex(0x5e9560, FUTEX_WAIT_PRIVATE, 0, NULL <unfinished ...>
6669  <... futex resumed>)              = 0
6663  <... futex resumed>)              = 1
6661  nanosleep({tv_sec=0, tv_nsec=10000000},  <unfinished ...>
6663  futex(0x4000052948, FUTEX_WAKE_PRIVATE, 1 <unfinished ...>
6669  futex(0x40001b3948, FUTEX_WAIT_PRIVATE, 0, NULL <unfinished ...>
6663  <... futex resumed>)              = 1
6662  <... futex resumed>)              = 0
6663  futex(0x4000053148, FUTEX_WAIT_PRIVATE, 0, NULL <unfinished ...>
6662  futex(0x40001b3948, FUTEX_WAKE_PRIVATE, 1 <unfinished ...>
6669  <... futex resumed>)              = 0
6662  <... futex resumed>)              = 1
6669  nanosleep({tv_sec=0, tv_nsec=3000},  <unfinished ...>
6662  rt_sigprocmask(SIG_SETMASK, [KILL STOP TTOU XCPU XFSZ VTALRM WINCH IO PWR RT_3 RT_4 RT_5 RT_6 RT_7 RT_8 RT_9 RT_10 RT_11 RT_12 RT_13 RT_14 RT_15 RT_16 RT_17 RT_18 RT_19 RT_20 RT_21 RT_22 RT_23 RT_24 RT_25 RT_26 RT_27 RT_28 RT_29 RT_30 RT_31 RT_32],  <unfinished ...>
6669  <... nanosleep resumed>NULL)      = 0
6662  <... rt_sigprocmask resumed>NULL, 8) = 0
6669  futex(0x4000053948, FUTEX_WAKE_PRIVATE, 1 <unfinished ...>
6662  futex(0x4000053148, FUTEX_WAKE_PRIVATE, 1 <unfinished ...>
6670  <... futex resumed>)              = 0
6669  <... futex resumed>)              = 1
6663  <... futex resumed>)              = 0
6662  <... futex resumed>)              = 1
6670  futex(0x4000053948, FUTEX_WAIT_PRIVATE, 0, NULL <unfinished ...>
6669  futex(0x5e9560, FUTEX_WAKE_PRIVATE, 1 <unfinished ...>
6663  futex(0x4000053148, FUTEX_WAIT_PRIVATE, 0, NULL <unfinished ...>
6662  futex(0x4000052948, FUTEX_WAIT_PRIVATE, 0, NULL <unfinished ...>
6660  <... futex resumed>)              = 0
6669  <... futex resumed>)              = 1
6660  futex(0x4000053148, FUTEX_WAKE_PRIVATE, 1 <unfinished ...>
6669  futex(0x40001b3948, FUTEX_WAIT_PRIVATE, 0, NULL <unfinished ...>
6660  <... futex resumed>)              = 1
6663  <... futex resumed>)              = 0
6660  rt_sigaction(SIGTTIN, NULL,  <unfinished ...>
6663  nanosleep({tv_sec=0, tv_nsec=3000},  <unfinished ...>
6660  <... rt_sigaction resumed>{sa_handler=SIG_DFL, sa_mask=[], sa_flags=0}, 8) = 0
6663  <... nanosleep resumed>NULL)      = 0
6660  rt_sigaction(SIGTTIN, {sa_handler=0x87530, sa_mask=~[], sa_flags=SA_ONSTACK|SA_RESTART|SA_SIGINFO},  <unfinished ...>
6663  futex(0x40001b3948, FUTEX_WAKE_PRIVATE, 1 <unfinished ...>
6660  <... rt_sigaction resumed>NULL, 8) = 0
6663  <... futex resumed>)              = 1
6669  <... futex resumed>)              = 0
6660  futex(0x5e9560, FUTEX_WAIT_PRIVATE, 0, NULL <unfinished ...>
6669  futex(0x40001b3948, FUTEX_WAIT_PRIVATE, 0, NULL <unfinished ...>
6663  futex(0x4000052948, FUTEX_WAKE_PRIVATE, 1) = 1
6662  <... futex resumed>)              = 0
6663  futex(0x4000053148, FUTEX_WAIT_PRIVATE, 0, NULL <unfinished ...>
6662  futex(0x40001b3948, FUTEX_WAKE_PRIVATE, 1 <unfinished ...>
6661  <... nanosleep resumed>NULL)      = 0
6669  <... futex resumed>)              = 0
6662  <... futex resumed>)              = 1
6661  epoll_pwait(4,  <unfinished ...>
6669  nanosleep({tv_sec=0, tv_nsec=3000},  <unfinished ...>
6662  rt_sigprocmask(SIG_SETMASK, [KILL STOP XCPU XFSZ VTALRM WINCH IO PWR RT_3 RT_4 RT_5 RT_6 RT_7 RT_8 RT_9 RT_10 RT_11 RT_12 RT_13 RT_14 RT_15 RT_16 RT_17 RT_18 RT_19 RT_20 RT_21 RT_22 RT_23 RT_24 RT_25 RT_26 RT_27 RT_28 RT_29 RT_30 RT_31 RT_32],  <unfinished ...>
6661  <... epoll_pwait resumed>[], 128, 0, NULL, 0) = 0
6661  nanosleep({tv_sec=0, tv_nsec=10000000},  <unfinished ...>
6669  <... nanosleep resumed>NULL)      = 0
6669  futex(0x4000053148, FUTEX_WAKE_PRIVATE, 1 <unfinished ...>
6662  <... rt_sigprocmask resumed>NULL, 8) = 0
6669  <... futex resumed>)              = 1
6663  <... futex resumed>)              = 0
6662  futex(0x4000052948, FUTEX_WAIT_PRIVATE, 0, NULL <unfinished ...>
6669  futex(0x5e9560, FUTEX_WAKE_PRIVATE, 1 <unfinished ...>
6663  futex(0x4000053148, FUTEX_WAIT_PRIVATE, 0, NULL <unfinished ...>
6669  <... futex resumed>)              = 1
6660  <... futex resumed>)              = 0
6660  futex(0x40001b3948, FUTEX_WAKE_PRIVATE, 1 <unfinished ...>
6669  futex(0x40001b3948, FUTEX_WAIT_PRIVATE, 0, NULL <unfinished ...>
6660  <... futex resumed>)              = 0
6669  <... futex resumed>)              = -1 EAGAIN (Resource temporarily unavailable)
6660  rt_sigaction(SIGTTOU, NULL,  <unfinished ...>
6669  nanosleep({tv_sec=0, tv_nsec=3000},  <unfinished ...>
6660  <... rt_sigaction resumed>{sa_handler=SIG_DFL, sa_mask=[], sa_flags=0}, 8) = 0
6669  <... nanosleep resumed>NULL)      = 0
6660  rt_sigaction(SIGTTOU, {sa_handler=0x87530, sa_mask=~[], sa_flags=SA_ONSTACK|SA_RESTART|SA_SIGINFO},  <unfinished ...>
6669  futex(0x4000053148, FUTEX_WAKE_PRIVATE, 1 <unfinished ...>
6660  <... rt_sigaction resumed>NULL, 8) = 0
6669  <... futex resumed>)              = 1
6663  <... futex resumed>)              = 0
6660  futex(0x5e9560, FUTEX_WAIT_PRIVATE, 0, NULL <unfinished ...>
6669  futex(0x4000052948, FUTEX_WAKE_PRIVATE, 1 <unfinished ...>
6663  futex(0x4000053148, FUTEX_WAIT_PRIVATE, 0, NULL <unfinished ...>
6669  <... futex resumed>)              = 1
6662  <... futex resumed>)              = 0
6669  futex(0x40001b3948, FUTEX_WAIT_PRIVATE, 0, NULL <unfinished ...>
6662  futex(0x40001b3948, FUTEX_WAKE_PRIVATE, 1 <unfinished ...>
6669  <... futex resumed>)              = -1 EAGAIN (Resource temporarily unavailable)
6662  <... futex resumed>)              = 0
6669  nanosleep({tv_sec=0, tv_nsec=3000},  <unfinished ...>
6662  rt_sigprocmask(SIG_SETMASK, [KILL STOP XCPU XFSZ VTALRM WINCH IO PWR RT_3 RT_4 RT_5 RT_6 RT_7 RT_8 RT_9 RT_10 RT_11 RT_12 RT_13 RT_14 RT_15 RT_16 RT_17 RT_18 RT_19 RT_20 RT_21 RT_22 RT_23 RT_24 RT_25 RT_26 RT_27 RT_28 RT_29 RT_30 RT_31 RT_32],  <unfinished ...>
6669  <... nanosleep resumed>NULL)      = 0
6662  <... rt_sigprocmask resumed>NULL, 8) = 0
6669  futex(0x4000053148, FUTEX_WAKE_PRIVATE, 1 <unfinished ...>
6662  futex(0x4000052948, FUTEX_WAIT_PRIVATE, 0, NULL <unfinished ...>
6669  <... futex resumed>)              = 1
6663  <... futex resumed>)              = 0
6661  <... nanosleep resumed>NULL)      = 0
6669  futex(0x5e9560, FUTEX_WAKE_PRIVATE, 1 <unfinished ...>
6663  futex(0x4000053148, FUTEX_WAIT_PRIVATE, 0, NULL <unfinished ...>
6661  epoll_pwait(4,  <unfinished ...>
6660  <... futex resumed>)              = 0
6669  <... futex resumed>)              = 1
6661  <... epoll_pwait resumed>[], 128, 0, NULL, 0) = 0
6660  futex(0x4000053148, FUTEX_WAKE_PRIVATE, 1 <unfinished ...>
6669  futex(0x40001b3948, FUTEX_WAIT_PRIVATE, 0, NULL <unfinished ...>
6661  nanosleep({tv_sec=0, tv_nsec=10000000},  <unfinished ...>
6660  <... futex resumed>)              = 1
6663  <... futex resumed>)              = 0
6660  futex(0x40001b3948, FUTEX_WAKE_PRIVATE, 1 <unfinished ...>
6663  nanosleep({tv_sec=0, tv_nsec=3000},  <unfinished ...>
6660  <... futex resumed>)              = 1
6663  <... nanosleep resumed>NULL)      = 0
6669  <... futex resumed>)              = 0
6660  futex(0x5e9560, FUTEX_WAIT_PRIVATE, 0, NULL <unfinished ...>
6669  futex(0x40001b3948, FUTEX_WAIT_PRIVATE, 0, NULL <unfinished ...>
6663  futex(0x4000053948, FUTEX_WAKE_PRIVATE, 1 <unfinished ...>
6670  <... futex resumed>)              = 0
6663  <... futex resumed>)              = 1
6670  futex(0x4000053948, FUTEX_WAIT_PRIVATE, 0, NULL <unfinished ...>
6663  futex(0x4000052948, FUTEX_WAKE_PRIVATE, 1) = 1
6662  <... futex resumed>)              = 0
6663  futex(0x4000053148, FUTEX_WAIT_PRIVATE, 0, NULL <unfinished ...>
6662  futex(0x4000053948, FUTEX_WAKE_PRIVATE, 1 <unfinished ...>
6670  <... futex resumed>)              = 0
6662  <... futex resumed>)              = 1
6670  nanosleep({tv_sec=0, tv_nsec=3000},  <unfinished ...>
6662  rt_sigprocmask(SIG_SETMASK, [KILL STOP XFSZ VTALRM WINCH IO PWR RT_3 RT_4 RT_5 RT_6 RT_7 RT_8 RT_9 RT_10 RT_11 RT_12 RT_13 RT_14 RT_15 RT_16 RT_17 RT_18 RT_19 RT_20 RT_21 RT_22 RT_23 RT_24 RT_25 RT_26 RT_27 RT_28 RT_29 RT_30 RT_31 RT_32],  <unfinished ...>
6670  <... nanosleep resumed>NULL)      = 0
6662  <... rt_sigprocmask resumed>NULL, 8) = 0
6670  futex(0x4000053148, FUTEX_WAKE_PRIVATE, 1 <unfinished ...>
6662  futex(0x4000052948, FUTEX_WAIT_PRIVATE, 0, NULL <unfinished ...>
6670  <... futex resumed>)              = 1
6663  <... futex resumed>)              = 0
6670  futex(0x5e9560, FUTEX_WAKE_PRIVATE, 1 <unfinished ...>
6663  futex(0x4000053148, FUTEX_WAIT_PRIVATE, 0, NULL <unfinished ...>
6660  <... futex resumed>)              = 0
6670  <... futex resumed>)              = 1
6660  futex(0x4000053948, FUTEX_WAKE_PRIVATE, 1 <unfinished ...>
6670  futex(0x4000053948, FUTEX_WAIT_PRIVATE, 0, NULL <unfinished ...>
6660  <... futex resumed>)              = 0
6670  <... futex resumed>)              = -1 EAGAIN (Resource temporarily unavailable)
6660  futex(0x4000053148, FUTEX_WAKE_PRIVATE, 1 <unfinished ...>
6670  nanosleep({tv_sec=0, tv_nsec=3000},  <unfinished ...>
6660  <... futex resumed>)              = 1
6663  <... futex resumed>)              = 0
6660  futex(0x5e9560, FUTEX_WAIT_PRIVATE, 0, NULL <unfinished ...>
6663  futex(0x4000052948, FUTEX_WAKE_PRIVATE, 1 <unfinished ...>
6670  <... nanosleep resumed>NULL)      = 0
6670  futex(0x4000053948, FUTEX_WAIT_PRIVATE, 0, NULL <unfinished ...>
6663  <... futex resumed>)              = 1
6662  <... futex resumed>)              = 0
6663  futex(0x4000053148, FUTEX_WAIT_PRIVATE, 0, NULL <unfinished ...>
6662  futex(0x4000053948, FUTEX_WAKE_PRIVATE, 1 <unfinished ...>
6661  <... nanosleep resumed>NULL)      = 0
6670  <... futex resumed>)              = 0
6662  <... futex resumed>)              = 1
6670  nanosleep({tv_sec=0, tv_nsec=3000},  <unfinished ...>
6662  rt_sigprocmask(SIG_SETMASK, [KILL STOP VTALRM WINCH IO PWR RT_3 RT_4 RT_5 RT_6 RT_7 RT_8 RT_9 RT_10 RT_11 RT_12 RT_13 RT_14 RT_15 RT_16 RT_17 RT_18 RT_19 RT_20 RT_21 RT_22 RT_23 RT_24 RT_25 RT_26 RT_27 RT_28 RT_29 RT_30 RT_31 RT_32],  <unfinished ...>
6661  epoll_pwait(4,  <unfinished ...>
6670  <... nanosleep resumed>NULL)      = 0
6662  <... rt_sigprocmask resumed>NULL, 8) = 0
6661  <... epoll_pwait resumed>[], 128, 0, NULL, 0) = 0
6670  futex(0x4000053148, FUTEX_WAKE_PRIVATE, 1 <unfinished ...>
6662  futex(0x4000052948, FUTEX_WAIT_PRIVATE, 0, NULL <unfinished ...>
6661  nanosleep({tv_sec=0, tv_nsec=10000000},  <unfinished ...>
6670  <... futex resumed>)              = 1
6663  <... futex resumed>)              = 0
6670  futex(0x5e9560, FUTEX_WAKE_PRIVATE, 1 <unfinished ...>
6663  futex(0x4000053148, FUTEX_WAIT_PRIVATE, 0, NULL <unfinished ...>
6660  <... futex resumed>)              = 0
6670  <... futex resumed>)              = 1
6660  futex(0x4000053148, FUTEX_WAKE_PRIVATE, 1 <unfinished ...>
6670  futex(0x4000053948, FUTEX_WAIT_PRIVATE, 0, NULL <unfinished ...>
6660  <... futex resumed>)              = 1
6663  <... futex resumed>)              = 0
6660  futex(0x4000053948, FUTEX_WAKE_PRIVATE, 1 <unfinished ...>
6663  nanosleep({tv_sec=0, tv_nsec=3000},  <unfinished ...>
6660  <... futex resumed>)              = 1
6670  <... futex resumed>)              = 0
6663  <... nanosleep resumed>NULL)      = 0
6660  futex(0x5e9560, FUTEX_WAIT_PRIVATE, 0, NULL <unfinished ...>
6670  futex(0x4000052948, FUTEX_WAKE_PRIVATE, 1 <unfinished ...>
6663  futex(0x4000053148, FUTEX_WAIT_PRIVATE, 0, NULL <unfinished ...>
6670  <... futex resumed>)              = 1
6662  <... futex resumed>)              = 0
6670  futex(0x4000053948, FUTEX_WAIT_PRIVATE, 0, NULL <unfinished ...>
6662  futex(0x4000053948, FUTEX_WAKE_PRIVATE, 1 <unfinished ...>
6670  <... futex resumed>)              = -1 EAGAIN (Resource temporarily unavailable)
6662  <... futex resumed>)              = 0
6670  nanosleep({tv_sec=0, tv_nsec=3000},  <unfinished ...>
6662  rt_sigprocmask(SIG_SETMASK, [KILL STOP WINCH IO PWR RT_3 RT_4 RT_5 RT_6 RT_7 RT_8 RT_9 RT_10 RT_11 RT_12 RT_13 RT_14 RT_15 RT_16 RT_17 RT_18 RT_19 RT_20 RT_21 RT_22 RT_23 RT_24 RT_25 RT_26 RT_27 RT_28 RT_29 RT_30 RT_31 RT_32],  <unfinished ...>
6670  <... nanosleep resumed>NULL)      = 0
6662  <... rt_sigprocmask resumed>NULL, 8) = 0
6670  futex(0x4000053148, FUTEX_WAKE_PRIVATE, 1 <unfinished ...>
6662  futex(0x4000052948, FUTEX_WAIT_PRIVATE, 0, NULL <unfinished ...>
6670  <... futex resumed>)              = 1
6663  <... futex resumed>)              = 0
6670  futex(0x5e9560, FUTEX_WAKE_PRIVATE, 1 <unfinished ...>
6663  futex(0x4000053148, FUTEX_WAIT_PRIVATE, 0, NULL <unfinished ...>
6660  <... futex resumed>)              = 0
6670  <... futex resumed>)              = 1
6660  futex(0x4000053148, FUTEX_WAKE_PRIVATE, 1 <unfinished ...>
6670  futex(0x4000053948, FUTEX_WAIT_PRIVATE, 0, NULL <unfinished ...>
6660  <... futex resumed>)              = 1
6663  <... futex resumed>)              = 0
6660  futex(0x4000053948, FUTEX_WAKE_PRIVATE, 1 <unfinished ...>
6663  futex(0x40001b3948, FUTEX_WAKE_PRIVATE, 1 <unfinished ...>
6660  <... futex resumed>)              = 1
6670  <... futex resumed>)              = 0
6669  <... futex resumed>)              = 0
6663  <... futex resumed>)              = 1
6660  futex(0x5e9560, FUTEX_WAIT_PRIVATE, 0, NULL <unfinished ...>
6670  futex(0x4000053948, FUTEX_WAIT_PRIVATE, 0, NULL <unfinished ...>
6669  futex(0x40001b3948, FUTEX_WAIT_PRIVATE, 0, NULL <unfinished ...>
6663  futex(0x4000052948, FUTEX_WAKE_PRIVATE, 1) = 1
6662  <... futex resumed>)              = 0
6663  futex(0x4000053148, FUTEX_WAIT_PRIVATE, 0, NULL <unfinished ...>
6662  futex(0x40001b3948, FUTEX_WAKE_PRIVATE, 1) = 1
6669  <... futex resumed>)              = 0
6662  rt_sigprocmask(SIG_SETMASK, [KILL STOP IO PWR RT_3 RT_4 RT_5 RT_6 RT_7 RT_8 RT_9 RT_10 RT_11 RT_12 RT_13 RT_14 RT_15 RT_16 RT_17 RT_18 RT_19 RT_20 RT_21 RT_22 RT_23 RT_24 RT_25 RT_26 RT_27 RT_28 RT_29 RT_30 RT_31 RT_32],  <unfinished ...>
6669  nanosleep({tv_sec=0, tv_nsec=3000},  <unfinished ...>
6662  <... rt_sigprocmask resumed>NULL, 8) = 0
6661  <... nanosleep resumed>NULL)      = 0
6662  futex(0x4000053148, FUTEX_WAKE_PRIVATE, 1 <unfinished ...>
6669  <... nanosleep resumed>NULL)      = 0
6663  <... futex resumed>)              = 0
6662  <... futex resumed>)              = 1
6661  epoll_pwait(4,  <unfinished ...>
6669  futex(0x40001b3948, FUTEX_WAIT_PRIVATE, 0, NULL <unfinished ...>
6663  futex(0x5e9560, FUTEX_WAKE_PRIVATE, 1 <unfinished ...>
6662  futex(0x4000052948, FUTEX_WAIT_PRIVATE, 0, NULL <unfinished ...>
6661  <... epoll_pwait resumed>[], 128, 0, NULL, 0) = 0
6663  <... futex resumed>)              = 1
6661  nanosleep({tv_sec=0, tv_nsec=10000000},  <unfinished ...>
6660  <... futex resumed>)              = 0
6663  futex(0x4000053148, FUTEX_WAIT_PRIVATE, 0, NULL <unfinished ...>
6660  futex(0x4000053148, FUTEX_WAKE_PRIVATE, 1) = 1
6663  <... futex resumed>)              = 0
6660  futex(0x40001b3948, FUTEX_WAKE_PRIVATE, 1 <unfinished ...>
6663  nanosleep({tv_sec=0, tv_nsec=3000},  <unfinished ...>
6660  <... futex resumed>)              = 1
6669  <... futex resumed>)              = 0
6660  futex(0x5e9560, FUTEX_WAIT_PRIVATE, 0, NULL <unfinished ...>
6669  futex(0x4000052948, FUTEX_WAKE_PRIVATE, 1 <unfinished ...>
6663  <... nanosleep resumed>NULL)      = 0
6669  <... futex resumed>)              = 1
6669  futex(0x40001b3948, FUTEX_WAIT_PRIVATE, 0, NULL <unfinished ...>
6663  futex(0x4000053148, FUTEX_WAIT_PRIVATE, 0, NULL <unfinished ...>
6662  <... futex resumed>)              = 0
6663  <... futex resumed>)              = -1 EAGAIN (Resource temporarily unavailable)
6662  futex(0x4000053148, FUTEX_WAKE_PRIVATE, 1 <unfinished ...>
6663  nanosleep({tv_sec=0, tv_nsec=3000},  <unfinished ...>
6662  <... futex resumed>)              = 0
6662  rt_sigprocmask(SIG_SETMASK, [KILL STOP PWR RT_3 RT_4 RT_5 RT_6 RT_7 RT_8 RT_9 RT_10 RT_11 RT_12 RT_13 RT_14 RT_15 RT_16 RT_17 RT_18 RT_19 RT_20 RT_21 RT_22 RT_23 RT_24 RT_25 RT_26 RT_27 RT_28 RT_29 RT_30 RT_31 RT_32],  <unfinished ...>
6663  <... nanosleep resumed>NULL)      = 0
6663  futex(0x40001b3948, FUTEX_WAKE_PRIVATE, 1 <unfinished ...>
6662  <... rt_sigprocmask resumed>NULL, 8) = 0
6663  <... futex resumed>)              = 1
6662  futex(0x4000052948, FUTEX_WAIT_PRIVATE, 0, NULL <unfinished ...>
6669  <... futex resumed>)              = 0
6669  futex(0x40001b3948, FUTEX_WAIT_PRIVATE, 0, NULL <unfinished ...>
6663  futex(0x5e9560, FUTEX_WAKE_PRIVATE, 1 <unfinished ...>
6660  <... futex resumed>)              = 0
6663  <... futex resumed>)              = 1
6660  futex(0x40001b3948, FUTEX_WAKE_PRIVATE, 1 <unfinished ...>
6663  futex(0x4000053148, FUTEX_WAIT_PRIVATE, 0, NULL <unfinished ...>
6660  <... futex resumed>)              = 1
6669  <... futex resumed>)              = 0
6660  futex(0x4000053148, FUTEX_WAKE_PRIVATE, 1 <unfinished ...>
6669  nanosleep({tv_sec=0, tv_nsec=3000},  <unfinished ...>
6660  <... futex resumed>)              = 1
6669  <... nanosleep resumed>NULL)      = 0
6663  <... futex resumed>)              = 0
6660  futex(0x5e9560, FUTEX_WAIT_PRIVATE, 0, NULL <unfinished ...>
6669  futex(0x4000053948, FUTEX_WAKE_PRIVATE, 1 <unfinished ...>
6663  futex(0x4000053148, FUTEX_WAIT_PRIVATE, 0, NULL <unfinished ...>
6669  <... futex resumed>)              = 1
6670  <... futex resumed>)              = 0
6670  futex(0x4000053948, FUTEX_WAIT_PRIVATE, 0, NULL <unfinished ...>
6669  futex(0x4000052948, FUTEX_WAKE_PRIVATE, 1) = 1
6662  <... futex resumed>)              = 0
6661  <... nanosleep resumed>NULL)      = 0
6662  futex(0x4000053948, FUTEX_WAKE_PRIVATE, 1 <unfinished ...>
6661  epoll_pwait(4,  <unfinished ...>
6669  futex(0x40001b3948, FUTEX_WAIT_PRIVATE, 0, NULL <unfinished ...>
6670  <... futex resumed>)              = 0
6662  <... futex resumed>)              = 1
6661  <... epoll_pwait resumed>[], 128, 0, NULL, 0) = 0
6670  nanosleep({tv_sec=0, tv_nsec=3000},  <unfinished ...>
6662  rt_sigprocmask(SIG_SETMASK, [KILL STOP RT_3 RT_4 RT_5 RT_6 RT_7 RT_8 RT_9 RT_10 RT_11 RT_12 RT_13 RT_14 RT_15 RT_16 RT_17 RT_18 RT_19 RT_20 RT_21 RT_22 RT_23 RT_24 RT_25 RT_26 RT_27 RT_28 RT_29 RT_30 RT_31 RT_32],  <unfinished ...>
6661  nanosleep({tv_sec=0, tv_nsec=10000000},  <unfinished ...>
6670  <... nanosleep resumed>NULL)      = 0
6662  <... rt_sigprocmask resumed>NULL, 8) = 0
6670  futex(0x40001b3948, FUTEX_WAKE_PRIVATE, 1 <unfinished ...>
6662  futex(0x4000052948, FUTEX_WAIT_PRIVATE, 0, NULL <unfinished ...>
6670  <... futex resumed>)              = 1
6670  futex(0x5e9560, FUTEX_WAKE_PRIVATE, 1 <unfinished ...>
6669  <... futex resumed>)              = 0
6660  <... futex resumed>)              = 0
6670  <... futex resumed>)              = 1
6669  futex(0x40001b3948, FUTEX_WAIT_PRIVATE, 0, NULL <unfinished ...>
6660  futex(0x40001b3948, FUTEX_WAKE_PRIVATE, 1 <unfinished ...>
6670  futex(0x4000053948, FUTEX_WAIT_PRIVATE, 0, NULL <unfinished ...>
6669  <... futex resumed>)              = -1 EAGAIN (Resource temporarily unavailable)
6660  <... futex resumed>)              = 0
6669  nanosleep({tv_sec=0, tv_nsec=3000},  <unfinished ...>
6660  futex(0x4000053948, FUTEX_WAKE_PRIVATE, 1 <unfinished ...>
6669  <... nanosleep resumed>NULL)      = 0
6660  <... futex resumed>)              = 1
6670  <... futex resumed>)              = 0
6669  futex(0x4000053148, FUTEX_WAKE_PRIVATE, 1 <unfinished ...>
6660  futex(0x5e9560, FUTEX_WAIT_PRIVATE, 0, NULL <unfinished ...>
6670  futex(0x4000053948, FUTEX_WAIT_PRIVATE, 0, NULL <unfinished ...>
6669  <... futex resumed>)              = 1
6669  futex(0x4000052948, FUTEX_WAKE_PRIVATE, 1 <unfinished ...>
6663  <... futex resumed>)              = 0
6669  <... futex resumed>)              = 1
6663  futex(0x4000053148, FUTEX_WAIT_PRIVATE, 0, NULL <unfinished ...>
6662  <... futex resumed>)              = 0
6669  futex(0x40001b3948, FUTEX_WAIT_PRIVATE, 0, NULL <unfinished ...>
6662  futex(0x40001b3948, FUTEX_WAKE_PRIVATE, 1 <unfinished ...>
6669  <... futex resumed>)              = 0
6662  <... futex resumed>)              = 1
6669  nanosleep({tv_sec=0, tv_nsec=3000},  <unfinished ...>
6662  rt_sigprocmask(SIG_SETMASK, [KILL STOP RT_4 RT_5 RT_6 RT_7 RT_8 RT_9 RT_10 RT_11 RT_12 RT_13 RT_14 RT_15 RT_16 RT_17 RT_18 RT_19 RT_20 RT_21 RT_22 RT_23 RT_24 RT_25 RT_26 RT_27 RT_28 RT_29 RT_30 RT_31 RT_32],  <unfinished ...>
6669  <... nanosleep resumed>NULL)      = 0
6662  <... rt_sigprocmask resumed>NULL, 8) = 0
6669  futex(0x4000053948, FUTEX_WAKE_PRIVATE, 1 <unfinished ...>
6662  futex(0x4000053148, FUTEX_WAKE_PRIVATE, 1 <unfinished ...>
6669  <... futex resumed>)              = 1
6663  <... futex resumed>)              = 0
6662  <... futex resumed>)              = 1
6670  <... futex resumed>)              = 0
6670  futex(0x4000053948, FUTEX_WAIT_PRIVATE, 0, NULL <unfinished ...>
6663  futex(0x4000053148, FUTEX_WAIT_PRIVATE, 0, NULL <unfinished ...>
6669  futex(0x5e9560, FUTEX_WAKE_PRIVATE, 1 <unfinished ...>
6662  futex(0x4000052948, FUTEX_WAIT_PRIVATE, 0, NULL <unfinished ...>
6660  <... futex resumed>)              = 0
6669  <... futex resumed>)              = 1
6660  futex(0x4000053148, FUTEX_WAKE_PRIVATE, 1 <unfinished ...>
6669  futex(0x40001b3948, FUTEX_WAIT_PRIVATE, 0, NULL <unfinished ...>
6661  <... nanosleep resumed>NULL)      = 0
6660  <... futex resumed>)              = 1
6663  <... futex resumed>)              = 0
6661  epoll_pwait(4,  <unfinished ...>
6660  futex(0x40001b3948, FUTEX_WAKE_PRIVATE, 1 <unfinished ...>
6661  <... epoll_pwait resumed>[], 128, 0, NULL, 0) = 0
6660  <... futex resumed>)              = 1
6663  futex(0x4000053948, FUTEX_WAKE_PRIVATE, 1 <unfinished ...>
6661  nanosleep({tv_sec=0, tv_nsec=10000000},  <unfinished ...>
